<html>
<body>
<pre>
<h1>µVision Build Log</h1>
<h2>Tool Versions:</h2>
IDE-Version: µVision V5.29.0.0
Copyright (C) 2019 ARM Ltd and ARM Germany GmbH. All rights reserved.
License Information: Andrei Cherny, BTC, LIC=76F5U-SISWQ-DYDV3-APC81-6DJA5-6FKTM
 
Tool Versions:
Toolchain:       MDK-ARM Plus  Version: 5.29.0.0
Toolchain Path:  C:\Keil_v5\ARM\ARMCC\Bin
C Compiler:      Armcc.exe V5.06 update 6 (build 750)
Assembler:       Armasm.exe V5.06 update 6 (build 750)
Linker/Locator:  ArmLink.exe V5.06 update 6 (build 750)
Library Manager: ArmAr.exe V5.06 update 6 (build 750)
Hex Converter:   FromElf.exe V5.06 update 6 (build 750)
CPU DLL:         SARMCM3.DLL V5.29.0.0
Dialog DLL:      DCM.DLL V1.17.3.0
Target DLL:      STLink\ST-LINKIII-KEIL_SWO.dll V3.0.7.0
Dialog DLL:      TCM.DLL V1.36.5.0
 
<h2>Project:</h2>
D:\ADC10K\ADC10K\adc10k_v2LL\MDK-ARM\adc10k_v2LL.uvprojx
Project File Date:  07/20/2020

<h2>Output:</h2>
*** Using Compiler 'V5.06 update 6 (build 750)', folder: 'C:\Keil_v5\ARM\ARMCC\Bin'
Build target 'adc10k_v2LL'
assembling startup_stm32f103xb.s...
compiling usb_device.c...
compiling usbd_desc.c...
compiling usbd_conf.c...
compiling main.c...
compiling stm32f1xx_hal_gpio_ex.c...
compiling stm32f1xx_it.c...
compiling stm32f1xx_hal_msp.c...
compiling usbd_cdc_if.c...
compiling stm32f1xx_hal_pcd.c...
compiling stm32f1xx_hal_pcd_ex.c...
compiling stm32f1xx_hal.c...
compiling stm32f1xx_ll_usb.c...
compiling stm32f1xx_hal_rcc.c...
compiling stm32f1xx_hal_rcc_ex.c...
compiling stm32f1xx_hal_gpio.c...
compiling stm32f1xx_hal_dma.c...
compiling stm32f1xx_hal_cortex.c...
compiling stm32f1xx_hal_pwr.c...
compiling stm32f1xx_hal_flash.c...
compiling stm32f1xx_hal_flash_ex.c...
compiling stm32f1xx_hal_exti.c...
compiling stm32f1xx_ll_rcc.c...
compiling stm32f1xx_ll_utils.c...
compiling stm32f1xx_ll_exti.c...
compiling stm32f1xx_ll_adc.c...
compiling stm32f1xx_hal_tim.c...
compiling stm32f1xx_ll_dma.c...
compiling stm32f1xx_ll_gpio.c...
compiling stm32f1xx_hal_tim_ex.c...
compiling system_stm32f1xx.c...
compiling stm32f1xx_ll_tim.c...
compiling usbd_core.c...
compiling usbd_ctlreq.c...
compiling usbd_ioreq.c...
compiling usbd_cdc.c...
linking...
Program Size: Code=16372 RO-data=308 RW-data=400 ZI-data=5608  
FromELF: creating hex file...
"adc10k_v2LL\adc10k_v2LL.axf" - 0 Error(s), 0 Warning(s).

<h2>Software Packages used:</h2>

Package Vendor: ARM
                http://www.keil.com/pack/ARM.CMSIS.5.6.0.pack
                ARM.CMSIS.5.6.0
                CMSIS (Cortex Microcontroller Software Interface Standard)
   * Component: CORE Version: 5.3.0

Package Vendor: Keil
                http://www.keil.com/pack/Keil.STM32F1xx_DFP.2.3.0.pack
                Keil.STM32F1xx_DFP.2.3.0
                STMicroelectronics STM32F1 Series Device Support, Drivers and Examples

<h2>Collection of Component include folders:</h2>
  .\RTE\_adc10k_v2LL
  C:\Users\Master\AppData\Local\Arm\Packs\ARM\CMSIS\5.6.0\CMSIS\Core\Include
  C:\Users\Master\AppData\Local\Arm\Packs\Keil\STM32F1xx_DFP\2.3.0\Device\Include

<h2>Collection of Component Files used:</h2>

   * Component: ARM::CMSIS:CORE:5.3.0
Build Time Elapsed:  00:01:02
</pre>
</body>
</html>
