Component: ARM Compiler 5.06 update 6 (build 750) Tool: armlink [4d35ed]

==============================================================================

Section Cross References

    startup_stm32f103xb.o(RESET) refers to startup_stm32f103xb.o(STACK) for __initial_sp
    startup_stm32f103xb.o(RESET) refers to startup_stm32f103xb.o(.text) for Reset_Handler
    startup_stm32f103xb.o(RESET) refers to stm32f1xx_it.o(i.NMI_Handler) for NMI_Handler
    startup_stm32f103xb.o(RESET) refers to stm32f1xx_it.o(i.HardFault_Handler) for HardFault_Handler
    startup_stm32f103xb.o(RESET) refers to stm32f1xx_it.o(i.MemManage_Handler) for MemManage_Handler
    startup_stm32f103xb.o(RESET) refers to stm32f1xx_it.o(i.BusFault_Handler) for BusFault_Handler
    startup_stm32f103xb.o(RESET) refers to stm32f1xx_it.o(i.UsageFault_Handler) for UsageFault_Handler
    startup_stm32f103xb.o(RESET) refers to stm32f1xx_it.o(i.SVC_Handler) for SVC_Handler
    startup_stm32f103xb.o(RESET) refers to stm32f1xx_it.o(i.DebugMon_Handler) for DebugMon_Handler
    startup_stm32f103xb.o(RESET) refers to stm32f1xx_it.o(i.PendSV_Handler) for PendSV_Handler
    startup_stm32f103xb.o(RESET) refers to stm32f1xx_it.o(i.SysTick_Handler) for SysTick_Handler
    startup_stm32f103xb.o(RESET) refers to stm32f1xx_it.o(i.DMA1_Channel1_IRQHandler) for DMA1_Channel1_IRQHandler
    startup_stm32f103xb.o(RESET) refers to stm32f1xx_it.o(i.USB_LP_CAN1_RX0_IRQHandler) for USB_LP_CAN1_RX0_IRQHandler
    startup_stm32f103xb.o(.text) refers to system_stm32f1xx.o(i.SystemInit) for SystemInit
    startup_stm32f103xb.o(.text) refers to entry.o(.ARM.Collect$$$$00000000) for __main
    main.o(i.HAL_ADC_ConvCpltCallback) refers to main.o(.data) for .data
    main.o(i.MX_ADC1_Init) refers to stm32f1xx_hal_adc.o(i.HAL_ADC_Init) for HAL_ADC_Init
    main.o(i.MX_ADC1_Init) refers to stm32f1xx_hal_adc.o(i.HAL_ADC_ConfigChannel) for HAL_ADC_ConfigChannel
    main.o(i.MX_ADC1_Init) refers to main.o(.bss) for .bss
    main.o(i.MX_GPIO_Init) refers to stm32f1xx_hal_gpio.o(i.HAL_GPIO_WritePin) for HAL_GPIO_WritePin
    main.o(i.MX_GPIO_Init) refers to stm32f1xx_hal_gpio.o(i.HAL_GPIO_Init) for HAL_GPIO_Init
    main.o(i.MX_TIM3_Init) refers to memseta.o(.text) for __aeabi_memclr4
    main.o(i.MX_TIM3_Init) refers to stm32f1xx_hal_tim.o(i.HAL_TIM_Base_Init) for HAL_TIM_Base_Init
    main.o(i.MX_TIM3_Init) refers to stm32f1xx_hal_tim.o(i.HAL_TIM_ConfigClockSource) for HAL_TIM_ConfigClockSource
    main.o(i.MX_TIM3_Init) refers to stm32f1xx_hal_tim.o(i.HAL_TIM_OC_Init) for HAL_TIM_OC_Init
    main.o(i.MX_TIM3_Init) refers to stm32f1xx_hal_tim_ex.o(i.HAL_TIMEx_MasterConfigSynchronization) for HAL_TIMEx_MasterConfigSynchronization
    main.o(i.MX_TIM3_Init) refers to stm32f1xx_hal_tim.o(i.HAL_TIM_OC_ConfigChannel) for HAL_TIM_OC_ConfigChannel
    main.o(i.MX_TIM3_Init) refers to main.o(.bss) for .bss
    main.o(i.MX_TIM4_Init) refers to memseta.o(.text) for __aeabi_memclr4
    main.o(i.MX_TIM4_Init) refers to stm32f1xx_hal_tim.o(i.HAL_TIM_Base_Init) for HAL_TIM_Base_Init
    main.o(i.MX_TIM4_Init) refers to stm32f1xx_hal_tim.o(i.HAL_TIM_ConfigClockSource) for HAL_TIM_ConfigClockSource
    main.o(i.MX_TIM4_Init) refers to stm32f1xx_hal_tim.o(i.HAL_TIM_PWM_Init) for HAL_TIM_PWM_Init
    main.o(i.MX_TIM4_Init) refers to stm32f1xx_hal_tim_ex.o(i.HAL_TIMEx_MasterConfigSynchronization) for HAL_TIMEx_MasterConfigSynchronization
    main.o(i.MX_TIM4_Init) refers to stm32f1xx_hal_tim.o(i.HAL_TIM_PWM_ConfigChannel) for HAL_TIM_PWM_ConfigChannel
    main.o(i.MX_TIM4_Init) refers to stm32f1xx_hal_msp.o(i.HAL_TIM_MspPostInit) for HAL_TIM_MspPostInit
    main.o(i.MX_TIM4_Init) refers to main.o(.bss) for .bss
    main.o(i.SystemClock_Config) refers to memseta.o(.text) for __aeabi_memclr4
    main.o(i.SystemClock_Config) refers to stm32f1xx_hal_rcc.o(i.HAL_RCC_OscConfig) for HAL_RCC_OscConfig
    main.o(i.SystemClock_Config) refers to stm32f1xx_hal_rcc.o(i.HAL_RCC_ClockConfig) for HAL_RCC_ClockConfig
    main.o(i.SystemClock_Config) refers to stm32f1xx_hal_rcc_ex.o(i.HAL_RCCEx_PeriphCLKConfig) for HAL_RCCEx_PeriphCLKConfig
    main.o(i.main) refers to memseta.o(.text) for __aeabi_memclr4
    main.o(i.main) refers to stm32f1xx_hal.o(i.HAL_Init) for HAL_Init
    main.o(i.main) refers to main.o(i.SystemClock_Config) for SystemClock_Config
    main.o(i.main) refers to main.o(i.MX_GPIO_Init) for MX_GPIO_Init
    main.o(i.main) refers to stm32f1xx_hal_cortex.o(i.HAL_NVIC_SetPriority) for HAL_NVIC_SetPriority
    main.o(i.main) refers to stm32f1xx_hal_cortex.o(i.HAL_NVIC_EnableIRQ) for HAL_NVIC_EnableIRQ
    main.o(i.main) refers to usb_device.o(i.MX_USB_DEVICE_Init) for MX_USB_DEVICE_Init
    main.o(i.main) refers to main.o(i.MX_ADC1_Init) for MX_ADC1_Init
    main.o(i.main) refers to main.o(i.MX_TIM3_Init) for MX_TIM3_Init
    main.o(i.main) refers to main.o(i.MX_TIM4_Init) for MX_TIM4_Init
[...]
    i.HAL_PCD_DataInStageCallback            0x080013fe   Section        0  usbd_conf.o(i.HAL_PCD_DataInStageCallback)
    i.HAL_PCD_DataOutStageCallback           0x0800140c   Section        0  usbd_conf.o(i.HAL_PCD_DataOutStageCallback)
    i.HAL_PCD_EP_Close                       0x0800141c   Section        0  stm32f1xx_hal_pcd.o(i.HAL_PCD_EP_Close)
    i.HAL_PCD_EP_ClrStall                    0x08001464   Section        0  stm32f1xx_hal_pcd.o(i.HAL_PCD_EP_ClrStall)
    i.HAL_PCD_EP_GetRxCount                  0x080014bc   Section        0  stm32f1xx_hal_pcd.o(i.HAL_PCD_EP_GetRxCount)
    i.HAL_PCD_EP_Open                        0x080014ca   Section        0  stm32f1xx_hal_pcd.o(i.HAL_PCD_EP_Open)
    i.HAL_PCD_EP_Receive                     0x08001526   Section        0  stm32f1xx_hal_pcd.o(i.HAL_PCD_EP_Receive)
    i.HAL_PCD_EP_SetStall                    0x08001554   Section        0  stm32f1xx_hal_pcd.o(i.HAL_PCD_EP_SetStall)
    i.HAL_PCD_EP_Transmit                    0x080015be   Section        0  stm32f1xx_hal_pcd.o(i.HAL_PCD_EP_Transmit)
    i.HAL_PCD_IRQHandler                     0x080015e8   Section        0  stm32f1xx_hal_pcd.o(i.HAL_PCD_IRQHandler)
    i.HAL_PCD_Init                           0x08001700   Section        0  stm32f1xx_hal_pcd.o(i.HAL_PCD_Init)
    i.HAL_PCD_MspInit                        0x080017d4   Section        0  usbd_conf.o(i.HAL_PCD_MspInit)
    i.HAL_PCD_ResetCallback                  0x08001810   Section        0  usbd_conf.o(i.HAL_PCD_ResetCallback)
    i.HAL_PCD_ResumeCallback                 0x08001836   Section        0  usbd_conf.o(i.HAL_PCD_ResumeCallback)
    i.HAL_PCD_SOFCallback                    0x0800183e   Section        0  usbd_conf.o(i.HAL_PCD_SOFCallback)
    i.HAL_PCD_SetAddress                     0x08001846   Section        0  stm32f1xx_hal_pcd.o(i.HAL_PCD_SetAddress)
    i.HAL_PCD_SetupStageCallback             0x0800186e   Section        0  usbd_conf.o(i.HAL_PCD_SetupStageCallback)
    i.HAL_PCD_Start                          0x0800187c   Section        0  stm32f1xx_hal_pcd.o(i.HAL_PCD_Start)
    i.HAL_PCD_SuspendCallback                0x080018b0   Section        0  usbd_conf.o(i.HAL_PCD_SuspendCallback)
    i.HAL_RCCEx_PeriphCLKConfig              0x080018d4   Section        0  stm32f1xx_hal_rcc_ex.o(i.HAL_RCCEx_PeriphCLKConfig)
    i.HAL_RCC_ClockConfig                    0x080019c0   Section        0  stm32f1xx_hal_rcc.o(i.HAL_RCC_ClockConfig)
    i.HAL_RCC_GetSysClockFreq                0x08001aec   Section        0  stm32f1xx_hal_rcc.o(i.HAL_RCC_GetSysClockFreq)
    i.HAL_RCC_OscConfig                      0x08001b58   Section        0  stm32f1xx_hal_rcc.o(i.HAL_RCC_OscConfig)
    i.HAL_SYSTICK_Config                     0x08001e78   Section        0  stm32f1xx_hal_cortex.o(i.HAL_SYSTICK_Config)
    i.HAL_TIMEx_MasterConfigSynchronization  0x08001ea0   Section        0  stm32f1xx_hal_tim_ex.o(i.HAL_TIMEx_MasterConfigSynchronization)
    i.HAL_TIM_Base_Init                      0x08001ee2   Section        0  stm32f1xx_hal_tim.o(i.HAL_TIM_Base_Init)
    i.HAL_TIM_Base_MspInit                   0x08001f18   Section        0  stm32f1xx_hal_msp.o(i.HAL_TIM_Base_MspInit)
    i.HAL_TIM_Base_Start                     0x08001f58   Section        0  stm32f1xx_hal_tim.o(i.HAL_TIM_Base_Start)
    i.HAL_TIM_ConfigClockSource              0x08001f7c   Section        0  stm32f1xx_hal_tim.o(i.HAL_TIM_ConfigClockSource)
    i.HAL_TIM_MspPostInit                    0x08002054   Section        0  stm32f1xx_hal_msp.o(i.HAL_TIM_MspPostInit)
    i.HAL_TIM_OC_ConfigChannel               0x080020a0   Section        0  stm32f1xx_hal_tim.o(i.HAL_TIM_OC_ConfigChannel)
    i.HAL_TIM_OC_Init                        0x080020f6   Section        0  stm32f1xx_hal_tim.o(i.HAL_TIM_OC_Init)
    i.HAL_TIM_OC_MspInit                     0x0800212c   Section        0  stm32f1xx_hal_tim.o(i.HAL_TIM_OC_MspInit)
    i.HAL_TIM_PWM_ConfigChannel              0x0800212e   Section        0  stm32f1xx_hal_tim.o(i.HAL_TIM_PWM_ConfigChannel)
    i.HAL_TIM_PWM_Init                       0x080021fe   Section        0  stm32f1xx_hal_tim.o(i.HAL_TIM_PWM_Init)
    i.HAL_TIM_PWM_MspInit                    0x08002234   Section        0  stm32f1xx_hal_tim.o(i.HAL_TIM_PWM_MspInit)
    i.HAL_TIM_PWM_Start                      0x08002238   Section        0  stm32f1xx_hal_tim.o(i.HAL_TIM_PWM_Start)
    i.HardFault_Handler                      0x08002270   Section        0  stm32f1xx_it.o(i.HardFault_Handler)
    i.IntToUnicode                           0x08002274   Section        0  usbd_desc.o(i.IntToUnicode)
    IntToUnicode                             0x08002275   Thumb Code    56  usbd_desc.o(i.IntToUnicode)
    i.MX_ADC1_Init                           0x080022ac   Section        0  main.o(i.MX_ADC1_Init)
    MX_ADC1_Init                             0x080022ad   Thumb Code    56  main.o(i.MX_ADC1_Init)
    i.MX_GPIO_Init                           0x080022ec   Section        0  main.o(i.MX_GPIO_Init)
    MX_GPIO_Init                             0x080022ed   Thumb Code   120  main.o(i.MX_GPIO_Init)
    i.MX_TIM3_Init                           0x0800236c   Section        0  main.o(i.MX_TIM3_Init)
    MX_TIM3_Init                             0x0800236d   Thumb Code   108  main.o(i.MX_TIM3_Init)
    i.MX_TIM4_Init                           0x080023e0   Section        0  main.o(i.MX_TIM4_Init)
    MX_TIM4_Init                             0x080023e1   Thumb Code   118  main.o(i.MX_TIM4_Init)
    i.MX_USB_DEVICE_Init                     0x08002460   Section        0  usb_device.o(i.MX_USB_DEVICE_Init)
    i.MemManage_Handler                      0x080024b4   Section        0  stm32f1xx_it.o(i.MemManage_Handler)
    i.NMI_Handler                            0x080024b6   Section        0  stm32f1xx_it.o(i.NMI_Handler)
    i.PCD_EP_ISR_Handler                     0x080024b8   Section        0  stm32f1xx_hal_pcd.o(i.PCD_EP_ISR_Handler)
    PCD_EP_ISR_Handler                       0x080024b9   Thumb Code   706  stm32f1xx_hal_pcd.o(i.PCD_EP_ISR_Handler)
    i.PendSV_Handler                         0x0800277a   Section        0  stm32f1xx_it.o(i.PendSV_Handler)
    i.SVC_Handler                            0x0800277c   Section        0  stm32f1xx_it.o(i.SVC_Handler)
    i.SysTick_Handler                        0x0800277e   Section        0  stm32f1xx_it.o(i.SysTick_Handler)
    i.SystemClock_Config                     0x08002782   Section        0  main.o(i.SystemClock_Config)
    i.SystemInit                             0x080027e8   Section        0  system_stm32f1xx.o(i.SystemInit)
    i.TIM_Base_SetConfig                     0x08002830   Section        0  stm32f1xx_hal_tim.o(i.TIM_Base_SetConfig)
    i.TIM_CCxChannelCmd                      0x0800289c   Section        0  stm32f1xx_hal_tim.o(i.TIM_CCxChannelCmd)
    i.TIM_ETR_SetConfig                      0x080028b6   Section        0  stm32f1xx_hal_tim.o(i.TIM_ETR_SetConfig)
    i.TIM_ITRx_SetConfig                     0x080028ca   Section        0  stm32f1xx_hal_tim.o(i.TIM_ITRx_SetConfig)
    TIM_ITRx_SetConfig                       0x080028cb   Thumb Code    16  stm32f1xx_hal_tim.o(i.TIM_ITRx_SetConfig)
    i.TIM_OC1_SetConfig                      0x080028dc   Section        0  stm32f1xx_hal_tim.o(i.TIM_OC1_SetConfig)
    TIM_OC1_SetConfig                        0x080028dd   Thumb Code    74  stm32f1xx_hal_tim.o(i.TIM_OC1_SetConfig)
    i.TIM_OC2_SetConfig                      0x0800292c   Section        0  stm32f1xx_hal_tim.o(i.TIM_OC2_SetConfig)
    i.TIM_OC3_SetConfig                      0x08002984   Section        0  stm32f1xx_hal_tim.o(i.TIM_OC3_SetConfig)
    TIM_OC3_SetConfig                        0x08002985   Thumb Code    82  stm32f1xx_hal_tim.o(i.TIM_OC3_SetConfig)
    i.TIM_OC4_SetConfig                      0x080029dc   Section        0  stm32f1xx_hal_tim.o(i.TIM_OC4_SetConfig)
    TIM_OC4_SetConfig                        0x080029dd   Thumb Code    64  stm32f1xx_hal_tim.o(i.TIM_OC4_SetConfig)
    i.TIM_TI1_ConfigInputStage               0x08002a20   Section        0  stm32f1xx_hal_tim.o(i.TIM_TI1_ConfigInputStage)
    TIM_TI1_ConfigInputStage                 0x08002a21   Thumb Code    34  stm32f1xx_hal_tim.o(i.TIM_TI1_ConfigInputStage)
    i.TIM_TI2_ConfigInputStage               0x08002a42   Section        0  stm32f1xx_hal_tim.o(i.TIM_TI2_ConfigInputStage)
    TIM_TI2_ConfigInputStage                 0x08002a43   Thumb Code    36  stm32f1xx_hal_tim.o(i.TIM_TI2_ConfigInputStage)
    i.USBD_CDC_DataIn                        0x08002a66   Section        0  usbd_cdc.o(i.USBD_CDC_DataIn)
    USBD_CDC_DataIn                          0x08002a67   Thumb Code    70  usbd_cdc.o(i.USBD_CDC_DataIn)
    i.USBD_CDC_DataOut                       0x08002aac   Section        0  usbd_cdc.o(i.USBD_CDC_DataOut)
    USBD_CDC_DataOut                         0x08002aad   Thumb Code    46  usbd_cdc.o(i.USBD_CDC_DataOut)
    i.USBD_CDC_DeInit                        0x08002ada   Section        0  usbd_cdc.o(i.USBD_CDC_DeInit)
    USBD_CDC_DeInit                          0x08002adb   Thumb Code    68  usbd_cdc.o(i.USBD_CDC_DeInit)
    i.USBD_CDC_EP0_RxReady                   0x08002b1e   Section        0  usbd_cdc.o(i.USBD_CDC_EP0_RxReady)
    USBD_CDC_EP0_RxReady                     0x08002b1f   Thumb Code    36  usbd_cdc.o(i.USBD_CDC_EP0_RxReady)
    i.USBD_CDC_GetDeviceQualifierDescriptor  0x08002b44   Section        0  usbd_cdc.o(i.USBD_CDC_GetDeviceQualifierDescriptor)
    i.USBD_CDC_GetFSCfgDesc                  0x08002b50   Section        0  usbd_cdc.o(i.USBD_CDC_GetFSCfgDesc)
    USBD_CDC_GetFSCfgDesc                    0x08002b51   Thumb Code     8  usbd_cdc.o(i.USBD_CDC_GetFSCfgDesc)
    i.USBD_CDC_GetHSCfgDesc                  0x08002b5c   Section        0  usbd_cdc.o(i.USBD_CDC_GetHSCfgDesc)
    USBD_CDC_GetHSCfgDesc                    0x08002b5d   Thumb Code     8  usbd_cdc.o(i.USBD_CDC_GetHSCfgDesc)
    i.USBD_CDC_GetOtherSpeedCfgDesc          0x08002b68   Section        0  usbd_cdc.o(i.USBD_CDC_GetOtherSpeedCfgDesc)
    USBD_CDC_GetOtherSpeedCfgDesc            0x08002b69   Thumb Code     8  usbd_cdc.o(i.USBD_CDC_GetOtherSpeedCfgDesc)
    i.USBD_CDC_Init                          0x08002b74   Section        0  usbd_cdc.o(i.USBD_CDC_Init)
    USBD_CDC_Init                            0x08002b75   Thumb Code   148  usbd_cdc.o(i.USBD_CDC_Init)
    i.USBD_CDC_ReceivePacket                 0x08002c08   Section        0  usbd_cdc.o(i.USBD_CDC_ReceivePacket)
    i.USBD_CDC_RegisterInterface             0x08002c30   Section        0  usbd_cdc.o(i.USBD_CDC_RegisterInterface)
    i.USBD_CDC_SetRxBuffer                   0x08002c40   Section        0  usbd_cdc.o(i.USBD_CDC_SetRxBuffer)
    i.USBD_CDC_SetTxBuffer                   0x08002c4c   Section        0  usbd_cdc.o(i.USBD_CDC_SetTxBuffer)
    i.USBD_CDC_Setup                         0x08002c5c   Section        0  usbd_cdc.o(i.USBD_CDC_Setup)
    USBD_CDC_Setup                           0x08002c5d   Thumb Code   172  usbd_cdc.o(i.USBD_CDC_Setup)
    i.USBD_CDC_TransmitPacket                0x08002d08   Section        0  usbd_cdc.o(i.USBD_CDC_TransmitPacket)
    i.USBD_ClrClassConfig                    0x08002d3e   Section        0  usbd_core.o(i.USBD_ClrClassConfig)
    i.USBD_CtlContinueRx                     0x08002d4c   Section        0  usbd_ioreq.o(i.USBD_CtlContinueRx)
    i.USBD_CtlContinueSendData               0x08002d5c   Section        0  usbd_ioreq.o(i.USBD_CtlContinueSendData)
    i.USBD_CtlError                          0x08002d6c   Section        0  usbd_ctlreq.o(i.USBD_CtlError)
    i.USBD_CtlPrepareRx                      0x08002d82   Section        0  usbd_ioreq.o(i.USBD_CtlPrepareRx)
    i.USBD_CtlReceiveStatus                  0x08002da0   Section        0  usbd_ioreq.o(i.USBD_CtlReceiveStatus)
    i.USBD_CtlSendData                       0x08002db6   Section        0  usbd_ioreq.o(i.USBD_CtlSendData)
    i.USBD_CtlSendStatus                     0x08002dd0   Section        0  usbd_ioreq.o(i.USBD_CtlSendStatus)
    i.USBD_FS_ConfigStrDescriptor            0x08002de8   Section        0  usbd_desc.o(i.USBD_FS_ConfigStrDescriptor)
    i.USBD_FS_DeviceDescriptor               0x08002e08   Section        0  usbd_desc.o(i.USBD_FS_DeviceDescriptor)
    i.USBD_FS_InterfaceStrDescriptor         0x08002e14   Section        0  usbd_desc.o(i.USBD_FS_InterfaceStrDescriptor)
    i.USBD_FS_LangIDStrDescriptor            0x08002e38   Section        0  usbd_desc.o(i.USBD_FS_LangIDStrDescriptor)
    i.USBD_FS_ManufacturerStrDescriptor      0x08002e44   Section        0  usbd_desc.o(i.USBD_FS_ManufacturerStrDescriptor)
    i.USBD_FS_ProductStrDescriptor           0x08002e6c   Section        0  usbd_desc.o(i.USBD_FS_ProductStrDescriptor)
    i.USBD_FS_SerialStrDescriptor            0x08002e98   Section        0  usbd_desc.o(i.USBD_FS_SerialStrDescriptor)
    i.USBD_GetDescriptor                     0x08002ed0   Section        0  usbd_ctlreq.o(i.USBD_GetDescriptor)
    USBD_GetDescriptor                       0x08002ed1   Thumb Code   232  usbd_ctlreq.o(i.USBD_GetDescriptor)
    i.USBD_GetString                         0x08002fb8   Section        0  usbd_ctlreq.o(i.USBD_GetString)
    i.USBD_Get_USB_Status                    0x08003000   Section        0  usbd_conf.o(i.USBD_Get_USB_Status)
    USBD_Get_USB_Status                      0x08003001   Thumb Code    24  usbd_conf.o(i.USBD_Get_USB_Status)
    i.USBD_Init                              0x08003018   Section        0  usbd_core.o(i.USBD_Init)
    i.USBD_LL_ClearStallEP                   0x08003042   Section        0  usbd_conf.o(i.USBD_LL_ClearStallEP)
    i.USBD_LL_CloseEP                        0x08003054   Section        0  usbd_conf.o(i.USBD_LL_CloseEP)
    i.USBD_LL_DataInStage                    0x08003066   Section        0  usbd_core.o(i.USBD_LL_DataInStage)
    i.USBD_LL_DataOutStage                   0x0800312c   Section        0  usbd_core.o(i.USBD_LL_DataOutStage)
    i.USBD_LL_GetRxDataSize                  0x080031ae   Section        0  usbd_conf.o(i.USBD_LL_GetRxDataSize)
    i.USBD_LL_Init                           0x080031b8   Section        0  usbd_conf.o(i.USBD_LL_Init)
    i.USBD_LL_IsStallEP                      0x08003238   Section        0  usbd_conf.o(i.USBD_LL_IsStallEP)
    i.USBD_LL_OpenEP                         0x08003254   Section        0  usbd_conf.o(i.USBD_LL_OpenEP)
    i.USBD_LL_PrepareReceive                 0x0800326c   Section        0  usbd_conf.o(i.USBD_LL_PrepareReceive)
    i.USBD_LL_Reset                          0x0800327e   Section        0  usbd_core.o(i.USBD_LL_Reset)
    i.USBD_LL_Resume                         0x080032ce   Section        0  usbd_core.o(i.USBD_LL_Resume)
    i.USBD_LL_SOF                            0x080032e2   Section        0  usbd_core.o(i.USBD_LL_SOF)
    i.USBD_LL_SetSpeed                       0x080032fa   Section        0  usbd_core.o(i.USBD_LL_SetSpeed)
    i.USBD_LL_SetUSBAddress                  0x08003300   Section        0  usbd_conf.o(i.USBD_LL_SetUSBAddress)
    i.USBD_LL_SetupStage                     0x08003312   Section        0  usbd_core.o(i.USBD_LL_SetupStage)
    i.USBD_LL_StallEP                        0x0800336c   Section        0  usbd_conf.o(i.USBD_LL_StallEP)
    i.USBD_LL_Start                          0x0800337e   Section        0  usbd_conf.o(i.USBD_LL_Start)
    i.USBD_LL_Suspend                        0x08003390   Section        0  usbd_core.o(i.USBD_LL_Suspend)
    i.USBD_LL_Transmit                       0x080033a2   Section        0  usbd_conf.o(i.USBD_LL_Transmit)
    i.USBD_ParseSetupRequest                 0x080033b4   Section        0  usbd_ctlreq.o(i.USBD_ParseSetupRequest)
    i.USBD_RegisterClass                     0x080033dc   Section        0  usbd_core.o(i.USBD_RegisterClass)
    i.USBD_SetClassConfig                    0x080033ec   Section        0  usbd_core.o(i.USBD_SetClassConfig)
    i.USBD_SetConfig                         0x08003404   Section        0  usbd_ctlreq.o(i.USBD_SetConfig)
    USBD_SetConfig                           0x08003405   Thumb Code   128  usbd_ctlreq.o(i.USBD_SetConfig)
    i.USBD_Start                             0x08003488   Section        0  usbd_core.o(i.USBD_Start)
    i.USBD_StdDevReq                         0x08003492   Section        0  usbd_ctlreq.o(i.USBD_StdDevReq)
    i.USBD_StdEPReq                          0x080035a4   Section        0  usbd_ctlreq.o(i.USBD_StdEPReq)
    i.USBD_StdItfReq                         0x080036f4   Section        0  usbd_ctlreq.o(i.USBD_StdItfReq)
    i.USBD_static_free                       0x08003742   Section        0  usbd_conf.o(i.USBD_static_free)
    i.USBD_static_malloc                     0x08003744   Section        0  usbd_conf.o(i.USBD_static_malloc)
    i.USB_ActivateEndpoint                   0x0800374c   Section        0  stm32f1xx_ll_usb.o(i.USB_ActivateEndpoint)
    i.USB_CoreInit                           0x080039b2   Section        0  stm32f1xx_ll_usb.o(i.USB_CoreInit)
    i.USB_DeactivateEndpoint                 0x080039b6   Section        0  stm32f1xx_ll_usb.o(i.USB_DeactivateEndpoint)
    i.USB_DevConnect                         0x08003ac4   Section        0  stm32f1xx_ll_usb.o(i.USB_DevConnect)
    i.USB_DevDisconnect                      0x08003ac8   Section        0  stm32f1xx_ll_usb.o(i.USB_DevDisconnect)
    i.USB_DevInit                            0x08003acc   Section        0  stm32f1xx_ll_usb.o(i.USB_DevInit)
    i.USB_DisableGlobalInt                   0x08003aea   Section        0  stm32f1xx_ll_usb.o(i.USB_DisableGlobalInt)
    i.USB_EP0_OutStart                       0x08003af8   Section        0  stm32f1xx_ll_usb.o(i.USB_EP0_OutStart)
    i.USB_EPClearStall                       0x08003afc   Section        0  stm32f1xx_ll_usb.o(i.USB_EPClearStall)
    i.USB_EPSetStall                         0x08003b74   Section        0  stm32f1xx_ll_usb.o(i.USB_EPSetStall)
    i.USB_EPStartXfer                        0x08003ba6   Section        0  stm32f1xx_ll_usb.o(i.USB_EPStartXfer)
    i.USB_EnableGlobalInt                    0x08003d42   Section        0  stm32f1xx_ll_usb.o(i.USB_EnableGlobalInt)
    i.USB_LP_CAN1_RX0_IRQHandler             0x08003d50   Section        0  stm32f1xx_it.o(i.USB_LP_CAN1_RX0_IRQHandler)
    i.USB_ReadInterrupts                     0x08003d5c   Section        0  stm32f1xx_ll_usb.o(i.USB_ReadInterrupts)
    i.USB_ReadPMA                            0x08003d64   Section        0  stm32f1xx_ll_usb.o(i.USB_ReadPMA)
    i.USB_SetCurrentMode                     0x08003d90   Section        0  stm32f1xx_ll_usb.o(i.USB_SetCurrentMode)
    i.USB_SetDevAddress                      0x08003d94   Section        0  stm32f1xx_ll_usb.o(i.USB_SetDevAddress)
    i.USB_WritePMA                           0x08003da0   Section        0  stm32f1xx_ll_usb.o(i.USB_WritePMA)
    i.UsageFault_Handler                     0x08003dc6   Section        0  stm32f1xx_it.o(i.UsageFault_Handler)
    i.__0printf                              0x08003dc8   Section        0  printfa.o(i.__0printf)
    i.__0snprintf                            0x08003de8   Section        0  printfa.o(i.__0snprintf)
    i.__NVIC_SetPriority                     0x08003e18   Section        0  stm32f1xx_hal_cortex.o(i.__NVIC_SetPriority)
    __NVIC_SetPriority                       0x08003e19   Thumb Code    32  stm32f1xx_hal_cortex.o(i.__NVIC_SetPriority)
    i.__scatterload_copy                     0x08003e38   Section       14  handlers.o(i.__scatterload_copy)
    i.__scatterload_null                     0x08003e46   Section        2  handlers.o(i.__scatterload_null)
    i.__scatterload_zeroinit                 0x08003e48   Section       14  handlers.o(i.__scatterload_zeroinit)
    i._fp_digits                             0x08003e58   Section        0  printfa.o(i._fp_digits)
    _fp_digits                               0x08003e59   Thumb Code   366  printfa.o(i._fp_digits)
    i._printf_core                           0x08003fdc   Section        0  printfa.o(i._printf_core)
    _printf_core                             0x08003fdd   Thumb Code  1744  printfa.o(i._printf_core)
    i._printf_post_padding                   0x080046b8   Section        0  printfa.o(i._printf_post_padding)
    _printf_post_padding                     0x080046b9   Thumb Code    36  printfa.o(i._printf_post_padding)
    i._printf_pre_padding                    0x080046dc   Section        0  printfa.o(i._printf_pre_padding)
    _printf_pre_padding                      0x080046dd   Thumb Code    46  printfa.o(i._printf_pre_padding)
    i._snputc                                0x0800470a   Section        0  printfa.o(i._snputc)
    _snputc                                  0x0800470b   Thumb Code    22  printfa.o(i._snputc)
    i.fputc                                  0x08004720   Section        0  main.o(i.fputc)
    i.main                                   0x0800473c   Section        0  main.o(i.main)
    .constdata                               0x08004870   Section       16  system_stm32f1xx.o(.constdata)
    .data                                    0x20000000   Section        8  main.o(.data)
    .data                                    0x20000008   Section        4  main.o(.data)
    .data                                    0x2000000c   Section       28  usbd_desc.o(.data)
    .data                                    0x20000028   Section       50  usbd_desc.o(.data)
    .data                                    0x2000005c   Section       16  usbd_cdc_if.o(.data)
    .data                                    0x2000006c   Section       12  stm32f1xx_hal.o(.data)
    .data                                    0x20000078   Section        4  system_stm32f1xx.o(.data)
    .data                                    0x2000007c   Section        1  usbd_ctlreq.o(.data)
    cfgidx                                   0x2000007c   Data           1  usbd_ctlreq.o(.data)
    .data                                    0x20000080   Section      215  usbd_cdc.o(.data)
    USBD_CDC_DeviceQualifierDesc             0x20000080   Data          10  usbd_cdc.o(.data)
    .data                                    0x20000158   Section       56  usbd_cdc.o(.data)
    .bss                                     0x20000190   Section      376  main.o(.bss)
    .bss                                     0x20000308   Section       68  main.o(.bss)
    .bss                                     0x2000034c   Section      708  usb_device.o(.bss)
    .bss                                     0x20000610   Section     1164  usbd_conf.o(.bss)
    mem                                      0x20000610   Data         544  usbd_conf.o(.bss)
    .bss                                     0x20000a9c   Section      512  usbd_desc.o(.bss)
    .bss                                     0x20000c9c   Section     2000  usbd_cdc_if.o(.bss)
    STACK                                    0x20001470   Section     1024  startup_stm32f103xb.o(STACK)

    Global Symbols

    Symbol Name                              Value     Ov Type        Size  Object(Section)

    BuildAttributes$$THM_ISAv4$P$D$K$B$S$PE$A:L22UL41UL21$X:L11$S22US41US21$IEEE1$IW$USESV6$~STKCKD$USESV7$~SHL$OTIME$ROPI$EBA8$MICROLIB$REQ8$PRES8$EABIv2 0x00000000   Number         0  anon$$obj.o ABSOLUTE
    __ARM_use_no_argv                        0x00000000   Number         0  main.o ABSOLUTE
    _printf_a                                0x00000000   Number         0  stubs.o ABSOLUTE
    _printf_c                                0x00000000   Number         0  stubs.o ABSOLUTE
    _printf_charcount                        0x00000000   Number         0  stubs.o ABSOLUTE
    _printf_d                                0x00000000   Number         0  stubs.o ABSOLUTE
    _printf_e                                0x00000000   Number         0  stubs.o ABSOLUTE
    _printf_f                                0x00000000   Number         0  stubs.o ABSOLUTE
    _printf_flags                            0x00000000   Number         0  stubs.o ABSOLUTE
    _printf_fp_dec                           0x00000000   Number         0  stubs.o ABSOLUTE
    _printf_fp_hex                           0x00000000   Number         0  stubs.o ABSOLUTE
    _printf_g                                0x00000000   Number         0  stubs.o ABSOLUTE
    _printf_i                                0x00000000   Number         0  stubs.o ABSOLUTE
    _printf_int_dec                          0x00000000   Number         0  stubs.o ABSOLUTE
    _printf_l                                0x00000000   Number         0  stubs.o ABSOLUTE
    _printf_lc                               0x00000000   Number         0  stubs.o ABSOLUTE
    _printf_ll                               0x00000000   Number         0  stubs.o ABSOLUTE
    _printf_lld                              0x00000000   Number         0  stubs.o ABSOLUTE
    _printf_lli                              0x00000000   Number         0  stubs.o ABSOLUTE
    _printf_llo                              0x00000000   Number         0  stubs.o ABSOLUTE
    _printf_llu                              0x00000000   Number         0  stubs.o ABSOLUTE
    _printf_llx                              0x00000000   Number         0  stubs.o ABSOLUTE
    _printf_longlong_dec                     0x00000000   Number         0  stubs.o ABSOLUTE
    _printf_longlong_hex                     0x00000000   Number         0  stubs.o ABSOLUTE
    _printf_longlong_oct                     0x00000000   Number         0  stubs.o ABSOLUTE
    _printf_ls                               0x00000000   Number         0  stubs.o ABSOLUTE
    _printf_mbtowc                           0x00000000   Number         0  stubs.o ABSOLUTE
    _printf_n                                0x00000000   Number         0  stubs.o ABSOLUTE
    _printf_o                                0x00000000   Number         0  stubs.o ABSOLUTE
    _printf_p                                0x00000000   Number         0  stubs.o ABSOLUTE
    _printf_percent                          0x00000000   Number         0  stubs.o ABSOLUTE
    _printf_pre_padding                      0x00000000   Number         0  stubs.o ABSOLUTE
    _printf_return_value                     0x00000000   Number         0  stubs.o ABSOLUTE
    _printf_s                                0x00000000   Number         0  stubs.o ABSOLUTE
    _printf_sizespec                         0x00000000   Number         0  stubs.o ABSOLUTE
    _printf_str                              0x00000000   Number         0  stubs.o ABSOLUTE
    _printf_truncate_signed                  0x00000000   Number         0  stubs.o ABSOLUTE
    _printf_truncate_unsigned                0x00000000   Number         0  stubs.o ABSOLUTE
    _printf_u                                0x00000000   Number         0  stubs.o ABSOLUTE
    _printf_wc                               0x00000000   Number         0  stubs.o ABSOLUTE
    _printf_wctomb                           0x00000000   Number         0  stubs.o ABSOLUTE
    _printf_widthprec                        0x00000000   Number         0  stubs.o ABSOLUTE
    _printf_x                                0x00000000   Number         0  stubs.o ABSOLUTE
    __cpp_initialize__aeabi_                  - Undefined Weak Reference
    __cxa_finalize                            - Undefined Weak Reference
    _clock_init                               - Undefined Weak Reference
    _microlib_exit                            - Undefined Weak Reference
    __Vectors_Size                           0x000000ec   Number         0  startup_stm32f103xb.o ABSOLUTE
    __Vectors                                0x08000000   Data           4  startup_stm32f103xb.o(RESET)
    __Vectors_End                            0x080000ec   Data           0  startup_stm32f103xb.o(RESET)
    __main                                   0x080000ed   Thumb Code     0  entry.o(.ARM.Collect$$$$00000000)
    _main_stk                                0x080000ed   Thumb Code     0  entry2.o(.ARM.Collect$$$$00000001)
    _main_scatterload                        0x080000f1   Thumb Code     0  entry5.o(.ARM.Collect$$$$00000004)
    __main_after_scatterload                 0x080000f5   Thumb Code     0  entry5.o(.ARM.Collect$$$$00000004)
    _main_clock                              0x080000f5   Thumb Code     0  entry7b.o(.ARM.Collect$$$$00000008)
    _main_cpp_init                           0x080000f5   Thumb Code     0  entry8b.o(.ARM.Collect$$$$0000000A)
    _main_init                               0x080000f5   Thumb Code     0  entry9a.o(.ARM.Collect$$$$0000000B)
    __rt_final_cpp                           0x080000fd   Thumb Code     0  entry10a.o(.ARM.Collect$$$$0000000D)
    __rt_final_exit                          0x080000fd   Thumb Code     0  entry11a.o(.ARM.Collect$$$$0000000F)
    Reset_Handler                            0x08000101   Thumb Code     8  startup_stm32f103xb.o(.text)
    ADC1_2_IRQHandler                        0x0800011b   Thumb Code     0  startup_stm32f103xb.o(.text)
    CAN1_RX1_IRQHandler                      0x0800011b   Thumb Code     0  startup_stm32f103xb.o(.text)
    CAN1_SCE_IRQHandler                      0x0800011b   Thumb Code     0  startup_stm32f103xb.o(.text)
    DMA1_Channel2_IRQHandler                 0x0800011b   Thumb Code     0  startup_stm32f103xb.o(.text)
    DMA1_Channel3_IRQHandler                 0x0800011b   Thumb Code     0  startup_stm32f103xb.o(.text)
    DMA1_Channel4_IRQHandler                 0x0800011b   Thumb Code     0  startup_stm32f103xb.o(.text)
    DMA1_Channel5_IRQHandler                 0x0800011b   Thumb Code     0  startup_stm32f103xb.o(.text)
    DMA1_Channel6_IRQHandler                 0x0800011b   Thumb Code     0  startup_stm32f103xb.o(.text)
    DMA1_Channel7_IRQHandler                 0x0800011b   Thumb Code     0  startup_stm32f103xb.o(.text)
    EXTI0_IRQHandler                         0x0800011b   Thumb Code     0  startup_stm32f103xb.o(.text)
    EXTI15_10_IRQHandler                     0x0800011b   Thumb Code     0  startup_stm32f103xb.o(.text)
    EXTI1_IRQHandler                         0x0800011b   Thumb Code     0  startup_stm32f103xb.o(.text)
    EXTI2_IRQHandler                         0x0800011b   Thumb Code     0  startup_stm32f103xb.o(.text)
    EXTI3_IRQHandler                         0x0800011b   Thumb Code     0  startup_stm32f103xb.o(.text)
    EXTI4_IRQHandler                         0x0800011b   Thumb Code     0  startup_stm32f103xb.o(.text)
    EXTI9_5_IRQHandler                       0x0800011b   Thumb Code     0  startup_stm32f103xb.o(.text)
    FLASH_IRQHandler                         0x0800011b   Thumb Code     0  startup_stm32f103xb.o(.text)
    I2C1_ER_IRQHandler                       0x0800011b   Thumb Code     0  startup_stm32f103xb.o(.text)
    I2C1_EV_IRQHandler                       0x0800011b   Thumb Code     0  startup_stm32f103xb.o(.text)
    I2C2_ER_IRQHandler                       0x0800011b   Thumb Code     0  startup_stm32f103xb.o(.text)
    I2C2_EV_IRQHandler                       0x0800011b   Thumb Code     0  startup_stm32f103xb.o(.text)
    PVD_IRQHandler                           0x0800011b   Thumb Code     0  startup_stm32f103xb.o(.text)
    RCC_IRQHandler                           0x0800011b   Thumb Code     0  startup_stm32f103xb.o(.text)
    RTC_Alarm_IRQHandler                     0x0800011b   Thumb Code     0  startup_stm32f103xb.o(.text)
    RTC_IRQHandler                           0x0800011b   Thumb Code     0  startup_stm32f103xb.o(.text)
    SPI1_IRQHandler                          0x0800011b   Thumb Code     0  startup_stm32f103xb.o(.text)
    SPI2_IRQHandler                          0x0800011b   Thumb Code     0  startup_stm32f103xb.o(.text)
    TAMPER_IRQHandler                        0x0800011b   Thumb Code     0  startup_stm32f103xb.o(.text)
    TIM1_BRK_IRQHandler                      0x0800011b   Thumb Code     0  startup_stm32f103xb.o(.text)
    TIM1_CC_IRQHandler                       0x0800011b   Thumb Code     0  startup_stm32f103xb.o(.text)
    TIM1_TRG_COM_IRQHandler                  0x0800011b   Thumb Code     0  startup_stm32f103xb.o(.text)
    TIM1_UP_IRQHandler                       0x0800011b   Thumb Code     0  startup_stm32f103xb.o(.text)
    TIM2_IRQHandler                          0x0800011b   Thumb Code     0  startup_stm32f103xb.o(.text)
    TIM3_IRQHandler                          0x0800011b   Thumb Code     0  startup_stm32f103xb.o(.text)
    TIM4_IRQHandler                          0x0800011b   Thumb Code     0  startup_stm32f103xb.o(.text)
    USART1_IRQHandler                        0x0800011b   Thumb Code     0  startup_stm32f103xb.o(.text)
    USART2_IRQHandler                        0x0800011b   Thumb Code     0  startup_stm32f103xb.o(.text)
    USART3_IRQHandler                        0x0800011b   Thumb Code     0  startup_stm32f103xb.o(.text)
    USBWakeUp_IRQHandler                     0x0800011b   Thumb Code     0  startup_stm32f103xb.o(.text)
    USB_HP_CAN1_TX_IRQHandler                0x0800011b   Thumb Code     0  startup_stm32f103xb.o(.text)
    WWDG_IRQHandler                          0x0800011b   Thumb Code     0  startup_stm32f103xb.o(.text)
    __aeabi_llsr                             0x08000125   Thumb Code    32  llushr.o(.text)
    _ll_ushift_r                             0x08000125   Thumb Code     0  llushr.o(.text)
    __aeabi_memcpy                           0x08000145   Thumb Code    36  memcpya.o(.text)
    __aeabi_memcpy4                          0x08000145   Thumb Code     0  memcpya.o(.text)
    __aeabi_memcpy8                          0x08000145   Thumb Code     0  memcpya.o(.text)
    __aeabi_memset                           0x08000169   Thumb Code    14  memseta.o(.text)
    __aeabi_memset4                          0x08000169   Thumb Code     0  memseta.o(.text)
    __aeabi_memset8                          0x08000169   Thumb Code     0  memseta.o(.text)
    __aeabi_memclr                           0x08000177   Thumb Code     4  memseta.o(.text)
    __aeabi_memclr4                          0x08000177   Thumb Code     0  memseta.o(.text)
    __aeabi_memclr8                          0x08000177   Thumb Code     0  memseta.o(.text)
    _memset$wrapper                          0x0800017b   Thumb Code    18  memseta.o(.text)
    strlen                                   0x0800018d   Thumb Code    14  strlen.o(.text)
    __aeabi_fadd                             0x0800019b   Thumb Code   164  fadd.o(.text)
    __aeabi_fsub                             0x0800023f   Thumb Code     6  fadd.o(.text)
    __aeabi_frsub                            0x08000245   Thumb Code     6  fadd.o(.text)
    __aeabi_fdiv                             0x0800024b   Thumb Code   124  fdiv.o(.text)
    __aeabi_ui2f                             0x080002c7   Thumb Code    10  ffltui.o(.text)
    __aeabi_f2d                              0x080002d1   Thumb Code    38  f2d.o(.text)
    __aeabi_uidiv                            0x080002f7   Thumb Code     0  uidiv.o(.text)
    __aeabi_uidivmod                         0x080002f7   Thumb Code    44  uidiv.o(.text)
    __aeabi_uldivmod                         0x08000323   Thumb Code    98  uldiv.o(.text)
    __I$use$fp                               0x08000385   Thumb Code     0  iusefp.o(.text)
    _float_round                             0x08000385   Thumb Code    18  fepilogue.o(.text)
    _float_epilogue                          0x08000397   Thumb Code    92  fepilogue.o(.text)
    __aeabi_dadd                             0x080003f3   Thumb Code   322  dadd.o(.text)
    __aeabi_dsub                             0x08000535   Thumb Code     6  dadd.o(.text)
    __aeabi_drsub                            0x0800053b   Thumb Code     6  dadd.o(.text)
    __aeabi_dmul                             0x08000541   Thumb Code   228  dmul.o(.text)
    __aeabi_ddiv                             0x08000625   Thumb Code   222  ddiv.o(.text)
    __aeabi_d2ulz                            0x08000703   Thumb Code    48  dfixul.o(.text)
    __aeabi_cdrcmple                         0x08000735   Thumb Code    48  cdrcmple.o(.text)
    __scatterload                            0x08000765   Thumb Code    28  init.o(.text)
    __scatterload_rt2                        0x08000765   Thumb Code     0  init.o(.text)
    __aeabi_llsl                             0x08000789   Thumb Code    30  llshl.o(.text)
    _ll_shift_l                              0x08000789   Thumb Code     0  llshl.o(.text)
    __aeabi_lasr                             0x080007a7   Thumb Code    36  llsshr.o(.text)
    _ll_sshift_r                             0x080007a7   Thumb Code     0  llsshr.o(.text)
    _double_round                            0x080007cb   Thumb Code    30  depilogue.o(.text)
    _double_epilogue                         0x080007e9   Thumb Code   156  depilogue.o(.text)
    __decompress                             0x08000885   Thumb Code     0  __dczerorl2.o(.text)
    __decompress1                            0x08000885   Thumb Code    86  __dczerorl2.o(.text)
    ADC_ConversionStop_Disable               0x080008dd   Thumb Code    76  stm32f1xx_hal_adc.o(i.ADC_ConversionStop_Disable)
    ADC_DMAConvCplt                          0x08000929   Thumb Code    78  stm32f1xx_hal_adc.o(i.ADC_DMAConvCplt)
    ADC_DMAError                             0x08000977   Thumb Code    26  stm32f1xx_hal_adc.o(i.ADC_DMAError)
    ADC_DMAHalfConvCplt                      0x08000991   Thumb Code    10  stm32f1xx_hal_adc.o(i.ADC_DMAHalfConvCplt)
    ADC_Enable                               0x0800099d   Thumb Code   104  stm32f1xx_hal_adc.o(i.ADC_Enable)
    BusFault_Handler                         0x08000a0d   Thumb Code     2  stm32f1xx_it.o(i.BusFault_Handler)
    CDC_Transmit_FS                          0x08000a55   Thumb Code    38  usbd_cdc_if.o(i.CDC_Transmit_FS)
    DMA1_Channel1_IRQHandler                 0x08000a81   Thumb Code     6  stm32f1xx_it.o(i.DMA1_Channel1_IRQHandler)
    DebugMon_Handler                         0x08000ab7   Thumb Code     2  stm32f1xx_it.o(i.DebugMon_Handler)
    Error_Handler                            0x08000ab9   Thumb Code     2  main.o(i.Error_Handler)
    HAL_ADC_ConfigChannel                    0x08000abd   Thumb Code   240  stm32f1xx_hal_adc.o(i.HAL_ADC_ConfigChannel)
    HAL_ADC_ConvCpltCallback                 0x08000bb9   Thumb Code     8  main.o(i.HAL_ADC_ConvCpltCallback)
    HAL_ADC_ConvHalfCpltCallback             0x08000bc5   Thumb Code     2  stm32f1xx_hal_adc.o(i.HAL_ADC_ConvHalfCpltCallback)
    HAL_ADC_ErrorCallback                    0x08000bc7   Thumb Code     2  stm32f1xx_hal_adc.o(i.HAL_ADC_ErrorCallback)
    HAL_ADC_Init                             0x08000bc9   Thumb Code   272  stm32f1xx_hal_adc.o(i.HAL_ADC_Init)
    HAL_ADC_MspInit                          0x08000ce5   Thumb Code   122  stm32f1xx_hal_msp.o(i.HAL_ADC_MspInit)
    HAL_ADC_Start_DMA                        0x08000d75   Thumb Code   246  stm32f1xx_hal_adc.o(i.HAL_ADC_Start_DMA)
    HAL_DMA_IRQHandler                       0x08000e81   Thumb Code   316  stm32f1xx_hal_dma.o(i.HAL_DMA_IRQHandler)
    HAL_DMA_Init                             0x08000fd5   Thumb Code    84  stm32f1xx_hal_dma.o(i.HAL_DMA_Init)
    HAL_DMA_Start_IT                         0x08001031   Thumb Code   112  stm32f1xx_hal_dma.o(i.HAL_DMA_Start_IT)
    HAL_GPIO_Init                            0x080010a1   Thumb Code   446  stm32f1xx_hal_gpio.o(i.HAL_GPIO_Init)
    HAL_GPIO_WritePin                        0x08001281   Thumb Code    10  stm32f1xx_hal_gpio.o(i.HAL_GPIO_WritePin)
    HAL_GetTick                              0x0800128d   Thumb Code     6  stm32f1xx_hal.o(i.HAL_GetTick)
    HAL_IncTick                              0x08001299   Thumb Code    12  stm32f1xx_hal.o(i.HAL_IncTick)
    HAL_Init                                 0x080012a9   Thumb Code    32  stm32f1xx_hal.o(i.HAL_Init)
    HAL_InitTick                             0x080012cd   Thumb Code    54  stm32f1xx_hal.o(i.HAL_InitTick)
    HAL_MspInit                              0x0800130d   Thumb Code    52  stm32f1xx_hal_msp.o(i.HAL_MspInit)
    HAL_NVIC_EnableIRQ                       0x08001349   Thumb Code    26  stm32f1xx_hal_cortex.o(i.HAL_NVIC_EnableIRQ)
    HAL_NVIC_SetPriority                     0x08001365   Thumb Code    60  stm32f1xx_hal_cortex.o(i.HAL_NVIC_SetPriority)
    HAL_NVIC_SetPriorityGrouping             0x080013a5   Thumb Code    26  stm32f1xx_hal_cortex.o(i.HAL_NVIC_SetPriorityGrouping)
    HAL_PCDEx_PMAConfig                      0x080013c9   Thumb Code    52  stm32f1xx_hal_pcd_ex.o(i.HAL_PCDEx_PMAConfig)
    HAL_PCDEx_SetConnectionState             0x080013fd   Thumb Code     2  usbd_conf.o(i.HAL_PCDEx_SetConnectionState)
    HAL_PCD_DataInStageCallback              0x080013ff   Thumb Code    14  usbd_conf.o(i.HAL_PCD_DataInStageCallback)
    HAL_PCD_DataOutStageCallback             0x0800140d   Thumb Code    16  usbd_conf.o(i.HAL_PCD_DataOutStageCallback)
    HAL_PCD_EP_Close                         0x0800141d   Thumb Code    72  stm32f1xx_hal_pcd.o(i.HAL_PCD_EP_Close)
    HAL_PCD_EP_ClrStall                      0x08001465   Thumb Code    88  stm32f1xx_hal_pcd.o(i.HAL_PCD_EP_ClrStall)
    HAL_PCD_EP_GetRxCount                    0x080014bd   Thumb Code    14  stm32f1xx_hal_pcd.o(i.HAL_PCD_EP_GetRxCount)
    HAL_PCD_EP_Open                          0x080014cb   Thumb Code    92  stm32f1xx_hal_pcd.o(i.HAL_PCD_EP_Open)
    HAL_PCD_EP_Receive                       0x08001527   Thumb Code    46  stm32f1xx_hal_pcd.o(i.HAL_PCD_EP_Receive)
    HAL_PCD_EP_SetStall                      0x08001555   Thumb Code   106  stm32f1xx_hal_pcd.o(i.HAL_PCD_EP_SetStall)
    HAL_PCD_EP_Transmit                      0x080015bf   Thumb Code    42  stm32f1xx_hal_pcd.o(i.HAL_PCD_EP_Transmit)
    HAL_PCD_IRQHandler                       0x080015e9   Thumb Code   278  stm32f1xx_hal_pcd.o(i.HAL_PCD_IRQHandler)
    HAL_PCD_Init                             0x08001701   Thumb Code   210  stm32f1xx_hal_pcd.o(i.HAL_PCD_Init)
    HAL_PCD_MspInit                          0x080017d5   Thumb Code    50  usbd_conf.o(i.HAL_PCD_MspInit)
    HAL_PCD_ResetCallback                    0x08001811   Thumb Code    38  usbd_conf.o(i.HAL_PCD_ResetCallback)
    HAL_PCD_ResumeCallback                   0x08001837   Thumb Code     8  usbd_conf.o(i.HAL_PCD_ResumeCallback)
    HAL_PCD_SOFCallback                      0x0800183f   Thumb Code     8  usbd_conf.o(i.HAL_PCD_SOFCallback)
    HAL_PCD_SetAddress                       0x08001847   Thumb Code    40  stm32f1xx_hal_pcd.o(i.HAL_PCD_SetAddress)
    HAL_PCD_SetupStageCallback               0x0800186f   Thumb Code    14  usbd_conf.o(i.HAL_PCD_SetupStageCallback)
    HAL_PCD_Start                            0x0800187d   Thumb Code    50  stm32f1xx_hal_pcd.o(i.HAL_PCD_Start)
    HAL_PCD_SuspendCallback                  0x080018b1   Thumb Code    30  usbd_conf.o(i.HAL_PCD_SuspendCallback)
    HAL_RCCEx_PeriphCLKConfig                0x080018d5   Thumb Code   224  stm32f1xx_hal_rcc_ex.o(i.HAL_RCCEx_PeriphCLKConfig)
    HAL_RCC_ClockConfig                      0x080019c1   Thumb Code   280  stm32f1xx_hal_rcc.o(i.HAL_RCC_ClockConfig)
    HAL_RCC_GetSysClockFreq                  0x08001aed   Thumb Code    74  stm32f1xx_hal_rcc.o(i.HAL_RCC_GetSysClockFreq)
    HAL_RCC_OscConfig                        0x08001b59   Thumb Code   778  stm32f1xx_hal_rcc.o(i.HAL_RCC_OscConfig)
    HAL_SYSTICK_Config                       0x08001e79   Thumb Code    40  stm32f1xx_hal_cortex.o(i.HAL_SYSTICK_Config)
    HAL_TIMEx_MasterConfigSynchronization    0x08001ea1   Thumb Code    66  stm32f1xx_hal_tim_ex.o(i.HAL_TIMEx_MasterConfigSynchronization)
    HAL_TIM_Base_Init                        0x08001ee3   Thumb Code    54  stm32f1xx_hal_tim.o(i.HAL_TIM_Base_Init)
    HAL_TIM_Base_MspInit                     0x08001f19   Thumb Code    52  stm32f1xx_hal_msp.o(i.HAL_TIM_Base_MspInit)
    HAL_TIM_Base_Start                       0x08001f59   Thumb Code    36  stm32f1xx_hal_tim.o(i.HAL_TIM_Base_Start)
    HAL_TIM_ConfigClockSource                0x08001f7d   Thumb Code   214  stm32f1xx_hal_tim.o(i.HAL_TIM_ConfigClockSource)
    HAL_TIM_MspPostInit                      0x08002055   Thumb Code    62  stm32f1xx_hal_msp.o(i.HAL_TIM_MspPostInit)
    HAL_TIM_OC_ConfigChannel                 0x080020a1   Thumb Code    86  stm32f1xx_hal_tim.o(i.HAL_TIM_OC_ConfigChannel)
    HAL_TIM_OC_Init                          0x080020f7   Thumb Code    54  stm32f1xx_hal_tim.o(i.HAL_TIM_OC_Init)
    HAL_TIM_OC_MspInit                       0x0800212d   Thumb Code     2  stm32f1xx_hal_tim.o(i.HAL_TIM_OC_MspInit)
    HAL_TIM_PWM_ConfigChannel                0x0800212f   Thumb Code   208  stm32f1xx_hal_tim.o(i.HAL_TIM_PWM_ConfigChannel)
    HAL_TIM_PWM_Init                         0x080021ff   Thumb Code    54  stm32f1xx_hal_tim.o(i.HAL_TIM_PWM_Init)
    HAL_TIM_PWM_MspInit                      0x08002235   Thumb Code     2  stm32f1xx_hal_tim.o(i.HAL_TIM_PWM_MspInit)
    HAL_TIM_PWM_Start                        0x08002239   Thumb Code    52  stm32f1xx_hal_tim.o(i.HAL_TIM_PWM_Start)
    HardFault_Handler                        0x08002271   Thumb Code     2  stm32f1xx_it.o(i.HardFault_Handler)
    MX_USB_DEVICE_Init                       0x08002461   Thumb Code    66  usb_device.o(i.MX_USB_DEVICE_Init)
    MemManage_Handler                        0x080024b5   Thumb Code     2  stm32f1xx_it.o(i.MemManage_Handler)
    NMI_Handler                              0x080024b7   Thumb Code     2  stm32f1xx_it.o(i.NMI_Handler)
    PendSV_Handler                           0x0800277b   Thumb Code     2  stm32f1xx_it.o(i.PendSV_Handler)
    SVC_Handler                              0x0800277d   Thumb Code     2  stm32f1xx_it.o(i.SVC_Handler)
    SysTick_Handler                          0x0800277f   Thumb Code     4  stm32f1xx_it.o(i.SysTick_Handler)
    SystemClock_Config                       0x08002783   Thumb Code   100  main.o(i.SystemClock_Config)
    SystemInit                               0x080027e9   Thumb Code    56  system_stm32f1xx.o(i.SystemInit)
    TIM_Base_SetConfig                       0x08002831   Thumb Code    94  stm32f1xx_hal_tim.o(i.TIM_Base_SetConfig)
    TIM_CCxChannelCmd                        0x0800289d   Thumb Code    26  stm32f1xx_hal_tim.o(i.TIM_CCxChannelCmd)
    TIM_ETR_SetConfig                        0x080028b7   Thumb Code    20  stm32f1xx_hal_tim.o(i.TIM_ETR_SetConfig)
    TIM_OC2_SetConfig                        0x0800292d   Thumb Code    84  stm32f1xx_hal_tim.o(i.TIM_OC2_SetConfig)
    USBD_CDC_GetDeviceQualifierDescriptor    0x08002b45   Thumb Code     8  usbd_cdc.o(i.USBD_CDC_GetDeviceQualifierDescriptor)
    USBD_CDC_ReceivePacket                   0x08002c09   Thumb Code    40  usbd_cdc.o(i.USBD_CDC_ReceivePacket)
    USBD_CDC_RegisterInterface               0x08002c31   Thumb Code    16  usbd_cdc.o(i.USBD_CDC_RegisterInterface)
    USBD_CDC_SetRxBuffer                     0x08002c41   Thumb Code    12  usbd_cdc.o(i.USBD_CDC_SetRxBuffer)
    USBD_CDC_SetTxBuffer                     0x08002c4d   Thumb Code    16  usbd_cdc.o(i.USBD_CDC_SetTxBuffer)
    USBD_CDC_TransmitPacket                  0x08002d09   Thumb Code    54  usbd_cdc.o(i.USBD_CDC_TransmitPacket)
    USBD_ClrClassConfig                      0x08002d3f   Thumb Code    14  usbd_core.o(i.USBD_ClrClassConfig)
    USBD_CtlContinueRx                       0x08002d4d   Thumb Code    16  usbd_ioreq.o(i.USBD_CtlContinueRx)
    USBD_CtlContinueSendData                 0x08002d5d   Thumb Code    16  usbd_ioreq.o(i.USBD_CtlContinueSendData)
    USBD_CtlError                            0x08002d6d   Thumb Code    22  usbd_ctlreq.o(i.USBD_CtlError)
    USBD_CtlPrepareRx                        0x08002d83   Thumb Code    30  usbd_ioreq.o(i.USBD_CtlPrepareRx)
    USBD_CtlReceiveStatus                    0x08002da1   Thumb Code    22  usbd_ioreq.o(i.USBD_CtlReceiveStatus)
    USBD_CtlSendData                         0x08002db7   Thumb Code    26  usbd_ioreq.o(i.USBD_CtlSendData)
    USBD_CtlSendStatus                       0x08002dd1   Thumb Code    22  usbd_ioreq.o(i.USBD_CtlSendStatus)
    USBD_FS_ConfigStrDescriptor              0x08002de9   Thumb Code    16  usbd_desc.o(i.USBD_FS_ConfigStrDescriptor)
    USBD_FS_DeviceDescriptor                 0x08002e09   Thumb Code     8  usbd_desc.o(i.USBD_FS_DeviceDescriptor)
    USBD_FS_InterfaceStrDescriptor           0x08002e15   Thumb Code    16  usbd_desc.o(i.USBD_FS_InterfaceStrDescriptor)
    USBD_FS_LangIDStrDescriptor              0x08002e39   Thumb Code     8  usbd_desc.o(i.USBD_FS_LangIDStrDescriptor)
    USBD_FS_ManufacturerStrDescriptor        0x08002e45   Thumb Code    16  usbd_desc.o(i.USBD_FS_ManufacturerStrDescriptor)
    USBD_FS_ProductStrDescriptor             0x08002e6d   Thumb Code    16  usbd_desc.o(i.USBD_FS_ProductStrDescriptor)
    USBD_FS_SerialStrDescriptor              0x08002e99   Thumb Code    48  usbd_desc.o(i.USBD_FS_SerialStrDescriptor)
    USBD_GetString                           0x08002fb9   Thumb Code    72  usbd_ctlreq.o(i.USBD_GetString)
    USBD_Init                                0x08003019   Thumb Code    42  usbd_core.o(i.USBD_Init)
    USBD_LL_ClearStallEP                     0x08003043   Thumb Code    18  usbd_conf.o(i.USBD_LL_ClearStallEP)
    USBD_LL_CloseEP                          0x08003055   Thumb Code    18  usbd_conf.o(i.USBD_LL_CloseEP)
    USBD_LL_DataInStage                      0x08003067   Thumb Code   198  usbd_core.o(i.USBD_LL_DataInStage)
    USBD_LL_DataOutStage                     0x0800312d   Thumb Code   130  usbd_core.o(i.USBD_LL_DataOutStage)
    USBD_LL_GetRxDataSize                    0x080031af   Thumb Code     8  usbd_conf.o(i.USBD_LL_GetRxDataSize)
    USBD_LL_Init                             0x080031b9   Thumb Code   118  usbd_conf.o(i.USBD_LL_Init)
    USBD_LL_IsStallEP                        0x08003239   Thumb Code    28  usbd_conf.o(i.USBD_LL_IsStallEP)
    USBD_LL_OpenEP                           0x08003255   Thumb Code    24  usbd_conf.o(i.USBD_LL_OpenEP)
    USBD_LL_PrepareReceive                   0x0800326d   Thumb Code    18  usbd_conf.o(i.USBD_LL_PrepareReceive)
    USBD_LL_Reset                            0x0800327f   Thumb Code    80  usbd_core.o(i.USBD_LL_Reset)
    USBD_LL_Resume                           0x080032cf   Thumb Code    20  usbd_core.o(i.USBD_LL_Resume)
    USBD_LL_SOF                              0x080032e3   Thumb Code    24  usbd_core.o(i.USBD_LL_SOF)
    USBD_LL_SetSpeed                         0x080032fb   Thumb Code     6  usbd_core.o(i.USBD_LL_SetSpeed)
    USBD_LL_SetUSBAddress                    0x08003301   Thumb Code    18  usbd_conf.o(i.USBD_LL_SetUSBAddress)
    USBD_LL_SetupStage                       0x08003313   Thumb Code    90  usbd_core.o(i.USBD_LL_SetupStage)
    USBD_LL_StallEP                          0x0800336d   Thumb Code    18  usbd_conf.o(i.USBD_LL_StallEP)
    USBD_LL_Start                            0x0800337f   Thumb Code    18  usbd_conf.o(i.USBD_LL_Start)
    USBD_LL_Suspend                          0x08003391   Thumb Code    18  usbd_core.o(i.USBD_LL_Suspend)
    USBD_LL_Transmit                         0x080033a3   Thumb Code    18  usbd_conf.o(i.USBD_LL_Transmit)
    USBD_ParseSetupRequest                   0x080033b5   Thumb Code    40  usbd_ctlreq.o(i.USBD_ParseSetupRequest)
    USBD_RegisterClass                       0x080033dd   Thumb Code    16  usbd_core.o(i.USBD_RegisterClass)
    USBD_SetClassConfig                      0x080033ed   Thumb Code    22  usbd_core.o(i.USBD_SetClassConfig)
    USBD_Start                               0x08003489   Thumb Code    10  usbd_core.o(i.USBD_Start)
    USBD_StdDevReq                           0x08003493   Thumb Code   274  usbd_ctlreq.o(i.USBD_StdDevReq)
    USBD_StdEPReq                            0x080035a5   Thumb Code   336  usbd_ctlreq.o(i.USBD_StdEPReq)
    USBD_StdItfReq                           0x080036f5   Thumb Code    78  usbd_ctlreq.o(i.USBD_StdItfReq)
    USBD_static_free                         0x08003743   Thumb Code     2  usbd_conf.o(i.USBD_static_free)
    USBD_static_malloc                       0x08003745   Thumb Code     4  usbd_conf.o(i.USBD_static_malloc)
    USB_ActivateEndpoint                     0x0800374d   Thumb Code   614  stm32f1xx_ll_usb.o(i.USB_ActivateEndpoint)
    USB_CoreInit                             0x080039b3   Thumb Code     4  stm32f1xx_ll_usb.o(i.USB_CoreInit)
    USB_DeactivateEndpoint                   0x080039b7   Thumb Code   270  stm32f1xx_ll_usb.o(i.USB_DeactivateEndpoint)
    USB_DevConnect                           0x08003ac5   Thumb Code     4  stm32f1xx_ll_usb.o(i.USB_DevConnect)
    USB_DevDisconnect                        0x08003ac9   Thumb Code     4  stm32f1xx_ll_usb.o(i.USB_DevDisconnect)
    USB_DevInit                              0x08003acd   Thumb Code    30  stm32f1xx_ll_usb.o(i.USB_DevInit)
    USB_DisableGlobalInt                     0x08003aeb   Thumb Code    14  stm32f1xx_ll_usb.o(i.USB_DisableGlobalInt)
    USB_EP0_OutStart                         0x08003af9   Thumb Code     4  stm32f1xx_ll_usb.o(i.USB_EP0_OutStart)
    USB_EPClearStall                         0x08003afd   Thumb Code   120  stm32f1xx_ll_usb.o(i.USB_EPClearStall)
    USB_EPSetStall                           0x08003b75   Thumb Code    50  stm32f1xx_ll_usb.o(i.USB_EPSetStall)
    USB_EPStartXfer                          0x08003ba7   Thumb Code   412  stm32f1xx_ll_usb.o(i.USB_EPStartXfer)
    USB_EnableGlobalInt                      0x08003d43   Thumb Code    14  stm32f1xx_ll_usb.o(i.USB_EnableGlobalInt)
    USB_LP_CAN1_RX0_IRQHandler               0x08003d51   Thumb Code     6  stm32f1xx_it.o(i.USB_LP_CAN1_RX0_IRQHandler)
    USB_ReadInterrupts                       0x08003d5d   Thumb Code     6  stm32f1xx_ll_usb.o(i.USB_ReadInterrupts)
    USB_ReadPMA                              0x08003d65   Thumb Code    44  stm32f1xx_ll_usb.o(i.USB_ReadPMA)
    USB_SetCurrentMode                       0x08003d91   Thumb Code     4  stm32f1xx_ll_usb.o(i.USB_SetCurrentMode)
    USB_SetDevAddress                        0x08003d95   Thumb Code    12  stm32f1xx_ll_usb.o(i.USB_SetDevAddress)
    USB_WritePMA                             0x08003da1   Thumb Code    38  stm32f1xx_ll_usb.o(i.USB_WritePMA)
    UsageFault_Handler                       0x08003dc7   Thumb Code     2  stm32f1xx_it.o(i.UsageFault_Handler)
    __0printf                                0x08003dc9   Thumb Code    22  printfa.o(i.__0printf)
    __1printf                                0x08003dc9   Thumb Code     0  printfa.o(i.__0printf)
    __2printf                                0x08003dc9   Thumb Code     0  printfa.o(i.__0printf)
    __c89printf                              0x08003dc9   Thumb Code     0  printfa.o(i.__0printf)
    printf                                   0x08003dc9   Thumb Code     0  printfa.o(i.__0printf)
    __0snprintf                              0x08003de9   Thumb Code    44  printfa.o(i.__0snprintf)
    __1snprintf                              0x08003de9   Thumb Code     0  printfa.o(i.__0snprintf)
    __2snprintf                              0x08003de9   Thumb Code     0  printfa.o(i.__0snprintf)
    __c89snprintf                            0x08003de9   Thumb Code     0  printfa.o(i.__0snprintf)
    snprintf                                 0x08003de9   Thumb Code     0  printfa.o(i.__0snprintf)
    __scatterload_copy                       0x08003e39   Thumb Code    14  handlers.o(i.__scatterload_copy)
    __scatterload_null                       0x08003e47   Thumb Code     2  handlers.o(i.__scatterload_null)
    __scatterload_zeroinit                   0x08003e49   Thumb Code    14  handlers.o(i.__scatterload_zeroinit)
    fputc                                    0x08004721   Thumb Code    22  main.o(i.fputc)
    main                                     0x0800473d   Thumb Code   272  main.o(i.main)
    AHBPrescTable                            0x08004870   Data          16  system_stm32f1xx.o(.constdata)
    Region$$Table$$Base                      0x08004880   Number         0  anon$$obj.o(Region$$Table)
    Region$$Table$$Limit                     0x080048a0   Number         0  anon$$obj.o(Region$$Table)
    convCompleted                            0x20000000   Data           1  main.o(.data)
    sum100point                              0x20000004   Data           4  main.o(.data)
    __stdout                                 0x20000008   Data           4  main.o(.data)
    FS_Desc                                  0x2000000c   Data          28  usbd_desc.o(.data)
    USBD_LangIDDesc                          0x20000028   Data           4  usbd_desc.o(.data)
    USBD_FS_DeviceDesc                       0x2000002c   Data          18  usbd_desc.o(.data)
    USBD_StringSerial                        0x20000040   Data          26  usbd_desc.o(.data)
    USBD_Interface_fops_FS                   0x2000005c   Data          16  usbd_cdc_if.o(.data)
    uwTickFreq                               0x2000006c   Data           1  stm32f1xx_hal.o(.data)
    uwTickPrio                               0x20000070   Data           4  stm32f1xx_hal.o(.data)
    uwTick                                   0x20000074   Data           4  stm32f1xx_hal.o(.data)
    SystemCoreClock                          0x20000078   Data           4  system_stm32f1xx.o(.data)
    USBD_CDC_CfgHSDesc                       0x2000008c   Data          67  usbd_cdc.o(.data)
    USBD_CDC_CfgFSDesc                       0x200000d0   Data          67  usbd_cdc.o(.data)
    USBD_CDC_OtherSpeedCfgDesc               0x20000114   Data          67  usbd_cdc.o(.data)
    USBD_CDC                                 0x20000158   Data          56  usbd_cdc.o(.data)
    hadc1                                    0x20000190   Data          48  main.o(.bss)
    htim3                                    0x200001c0   Data          64  main.o(.bss)
    htim4                                    0x20000200   Data          64  main.o(.bss)
    bufferADC                                0x20000240   Data         200  main.o(.bss)
    hdma_adc1                                0x20000308   Data          68  main.o(.bss)
    hUsbDeviceFS                             0x2000034c   Data         708  usb_device.o(.bss)
    hpcd_USB_FS                              0x20000830   Data         620  usbd_conf.o(.bss)
    USBD_StrDesc                             0x20000a9c   Data         512  usbd_desc.o(.bss)
    UserRxBufferFS                           0x20000c9c   Data        1000  usbd_cdc_if.o(.bss)
    UserTxBufferFS                           0x20001084   Data        1000  usbd_cdc_if.o(.bss)
    __initial_sp                             0x20001870   Data           0  startup_stm32f103xb.o(STACK)



==============================================================================

Memory Map of the image

  Image Entry point : 0x080000ed

  Load Region LR_IROM1 (Base: 0x08000000, Size: 0x00004a30, Max: 0x00010000, ABSOLUTE, COMPRESSED[0x00004960])

    Execution Region ER_IROM1 (Exec base: 0x08000000, Load base: 0x08000000, Size: 0x000048a0, Max: 0x00010000, ABSOLUTE)

    Exec Addr    Load Addr    Size         Type   Attr      Idx    E Section Name        Object

    0x08000000   0x08000000   0x000000ec   Data   RO            3    RESET               startup_stm32f103xb.o
    0x080000ec   0x080000ec   0x00000000   Code   RO         3822  * .ARM.Collect$$$$00000000  mc_w.l(entry.o)
    0x080000ec   0x080000ec   0x00000004   Code   RO         4104    .ARM.Collect$$$$00000001  mc_w.l(entry2.o)
    0x080000f0   0x080000f0   0x00000004   Code   RO         4107    .ARM.Collect$$$$00000004  mc_w.l(entry5.o)
    0x080000f4   0x080000f4   0x00000000   Code   RO         4109    .ARM.Collect$$$$00000008  mc_w.l(entry7b.o)
    0x080000f4   0x080000f4   0x00000000   Code   RO         4111    .ARM.Collect$$$$0000000A  mc_w.l(entry8b.o)
    0x080000f4   0x080000f4   0x00000008   Code   RO         4112    .ARM.Collect$$$$0000000B  mc_w.l(entry9a.o)
    0x080000fc   0x080000fc   0x00000000   Code   RO         4114    .ARM.Collect$$$$0000000D  mc_w.l(entry10a.o)
    0x080000fc   0x080000fc   0x00000000   Code   RO         4116    .ARM.Collect$$$$0000000F  mc_w.l(entry11a.o)
    0x080000fc   0x080000fc   0x00000004   Code   RO         4105    .ARM.Collect$$$$00002712  mc_w.l(entry2.o)
    0x08000100   0x08000100   0x00000024   Code   RO            4    .text               startup_stm32f103xb.o
    0x08000124   0x08000124   0x00000020   Code   RO         3825    .text               mc_w.l(llushr.o)
    0x08000144   0x08000144   0x00000024   Code   RO         3827    .text               mc_w.l(memcpya.o)
    0x08000168   0x08000168   0x00000024   Code   RO         3829    .text               mc_w.l(memseta.o)
    0x0800018c   0x0800018c   0x0000000e   Code   RO         3831    .text               mc_w.l(strlen.o)
    0x0800019a   0x0800019a   0x000000b0   Code   RO         4096    .text               mf_w.l(fadd.o)
    0x0800024a   0x0800024a   0x0000007c   Code   RO         4098    .text               mf_w.l(fdiv.o)
    0x080002c6   0x080002c6   0x0000000a   Code   RO         4100    .text               mf_w.l(ffltui.o)
    0x080002d0   0x080002d0   0x00000026   Code   RO         4102    .text               mf_w.l(f2d.o)
    0x080002f6   0x080002f6   0x0000002c   Code   RO         4118    .text               mc_w.l(uidiv.o)
    0x08000322   0x08000322   0x00000062   Code   RO         4120    .text               mc_w.l(uldiv.o)
    0x08000384   0x08000384   0x00000000   Code   RO         4122    .text               mc_w.l(iusefp.o)
    0x08000384   0x08000384   0x0000006e   Code   RO         4123    .text               mf_w.l(fepilogue.o)
    0x080003f2   0x080003f2   0x0000014e   Code   RO         4125    .text               mf_w.l(dadd.o)
    0x08000540   0x08000540   0x000000e4   Code   RO         4127    .text               mf_w.l(dmul.o)
    0x08000624   0x08000624   0x000000de   Code   RO         4129    .text               mf_w.l(ddiv.o)
    0x08000702   0x08000702   0x00000030   Code   RO         4131    .text               mf_w.l(dfixul.o)
    0x08000732   0x08000732   0x00000002   PAD
    0x08000734   0x08000734   0x00000030   Code   RO         4133    .text               mf_w.l(cdrcmple.o)
    0x08000764   0x08000764   0x00000024   Code   RO         4135    .text               mc_w.l(init.o)
    0x08000788   0x08000788   0x0000001e   Code   RO         4137    .text               mc_w.l(llshl.o)
    0x080007a6   0x080007a6   0x00000024   Code   RO         4139    .text               mc_w.l(llsshr.o)
    0x080007ca   0x080007ca   0x000000ba   Code   RO         4141    .text               mf_w.l(depilogue.o)
    0x08000884   0x08000884   0x00000056   Code   RO         4151    .text               mc_w.l(__dczerorl2.o)
    0x080008da   0x080008da   0x00000002   PAD
    0x080008dc   0x080008dc   0x0000004c   Code   RO         2214    i.ADC_ConversionStop_Disable  stm32f1xx_hal_adc.o
    0x08000928   0x08000928   0x0000004e   Code   RO         2215    i.ADC_DMAConvCplt   stm32f1xx_hal_adc.o
    0x08000976   0x08000976   0x0000001a   Code   RO         2216    i.ADC_DMAError      stm32f1xx_hal_adc.o
    0x08000990   0x08000990   0x0000000a   Code   RO         2217    i.ADC_DMAHalfConvCplt  stm32f1xx_hal_adc.o
    0x0800099a   0x0800099a   0x00000002   PAD
    0x0800099c   0x0800099c   0x00000070   Code   RO         2218    i.ADC_Enable        stm32f1xx_hal_adc.o
    0x08000a0c   0x08000a0c   0x00000002   Code   RO          606    i.BusFault_Handler  stm32f1xx_it.o
    0x08000a0e   0x08000a0e   0x00000004   Code   RO          554    i.CDC_Control_FS    usbd_cdc_if.o
    0x08000a12   0x08000a12   0x00000004   Code   RO          555    i.CDC_DeInit_FS     usbd_cdc_if.o
    0x08000a16   0x08000a16   0x00000002   PAD
    0x08000a18   0x08000a18   0x00000024   Code   RO          556    i.CDC_Init_FS       usbd_cdc_if.o
    0x08000a3c   0x08000a3c   0x00000018   Code   RO          557    i.CDC_Receive_FS    usbd_cdc_if.o
    0x08000a54   0x08000a54   0x0000002c   Code   RO          558    i.CDC_Transmit_FS   usbd_cdc_if.o
    0x08000a80   0x08000a80   0x0000000c   Code   RO          607    i.DMA1_Channel1_IRQHandler  stm32f1xx_it.o
    0x08000a8c   0x08000a8c   0x0000002a   Code   RO         1617    i.DMA_SetConfig     stm32f1xx_hal_dma.o
    0x08000ab6   0x08000ab6   0x00000002   Code   RO          608    i.DebugMon_Handler  stm32f1xx_it.o
    0x08000ab8   0x08000ab8   0x00000002   Code   RO           13    i.Error_Handler     main.o
    0x08000aba   0x08000aba   0x00000002   PAD
    0x08000abc   0x08000abc   0x000000fc   Code   RO         2220    i.HAL_ADC_ConfigChannel  stm32f1xx_hal_adc.o
    0x08000bb8   0x08000bb8   0x0000000c   Code   RO           14    i.HAL_ADC_ConvCpltCallback  main.o
    0x08000bc4   0x08000bc4   0x00000002   Code   RO         2222    i.HAL_ADC_ConvHalfCpltCallback  stm32f1xx_hal_adc.o
    0x08000bc6   0x08000bc6   0x00000002   Code   RO         2224    i.HAL_ADC_ErrorCallback  stm32f1xx_hal_adc.o
    0x08000bc8   0x08000bc8   0x0000011c   Code   RO         2229    i.HAL_ADC_Init      stm32f1xx_hal_adc.o
    0x08000ce4   0x08000ce4   0x00000090   Code   RO          695    i.HAL_ADC_MspInit   stm32f1xx_hal_msp.o
    0x08000d74   0x08000d74   0x0000010c   Code   RO         2236    i.HAL_ADC_Start_DMA  stm32f1xx_hal_adc.o
    0x08000e80   0x08000e80   0x00000154   Code   RO         1623    i.HAL_DMA_IRQHandler  stm32f1xx_hal_dma.o
    0x08000fd4   0x08000fd4   0x0000005c   Code   RO         1624    i.HAL_DMA_Init      stm32f1xx_hal_dma.o
    0x08001030   0x08001030   0x00000070   Code   RO         1628    i.HAL_DMA_Start_IT  stm32f1xx_hal_dma.o
    0x080010a0   0x080010a0   0x000001e0   Code   RO         1554    i.HAL_GPIO_Init     stm32f1xx_hal_gpio.o
    0x08001280   0x08001280   0x0000000a   Code   RO         1558    i.HAL_GPIO_WritePin  stm32f1xx_hal_gpio.o
    0x0800128a   0x0800128a   0x00000002   PAD
    0x0800128c   0x0800128c   0x0000000c   Code   RO         1250    i.HAL_GetTick       stm32f1xx_hal.o
    0x08001298   0x08001298   0x00000010   Code   RO         1256    i.HAL_IncTick       stm32f1xx_hal.o
    0x080012a8   0x080012a8   0x00000024   Code   RO         1257    i.HAL_Init          stm32f1xx_hal.o
    0x080012cc   0x080012cc   0x00000040   Code   RO         1258    i.HAL_InitTick      stm32f1xx_hal.o
    0x0800130c   0x0800130c   0x0000003c   Code   RO          696    i.HAL_MspInit       stm32f1xx_hal_msp.o
    0x08001348   0x08001348   0x0000001a   Code   RO         1714    i.HAL_NVIC_EnableIRQ  stm32f1xx_hal_cortex.o
    0x08001362   0x08001362   0x00000002   PAD
    0x08001364   0x08001364   0x00000040   Code   RO         1720    i.HAL_NVIC_SetPriority  stm32f1xx_hal_cortex.o
    0x080013a4   0x080013a4   0x00000024   Code   RO         1721    i.HAL_NVIC_SetPriorityGrouping  stm32f1xx_hal_cortex.o
    0x080013c8   0x080013c8   0x00000034   Code   RO         1002    i.HAL_PCDEx_PMAConfig  stm32f1xx_hal_pcd_ex.o
    0x080013fc   0x080013fc   0x00000002   Code   RO          256    i.HAL_PCDEx_SetConnectionState  usbd_conf.o
    0x080013fe   0x080013fe   0x0000000e   Code   RO          258    i.HAL_PCD_DataInStageCallback  usbd_conf.o
    0x0800140c   0x0800140c   0x00000010   Code   RO          259    i.HAL_PCD_DataOutStageCallback  usbd_conf.o
    0x0800141c   0x0800141c   0x00000048   Code   RO          794    i.HAL_PCD_EP_Close  stm32f1xx_hal_pcd.o
    0x08001464   0x08001464   0x00000058   Code   RO          795    i.HAL_PCD_EP_ClrStall  stm32f1xx_hal_pcd.o
    0x080014bc   0x080014bc   0x0000000e   Code   RO          797    i.HAL_PCD_EP_GetRxCount  stm32f1xx_hal_pcd.o
    0x080014ca   0x080014ca   0x0000005c   Code   RO          798    i.HAL_PCD_EP_Open   stm32f1xx_hal_pcd.o
    0x08001526   0x08001526   0x0000002e   Code   RO          799    i.HAL_PCD_EP_Receive  stm32f1xx_hal_pcd.o
    0x08001554   0x08001554   0x0000006a   Code   RO          800    i.HAL_PCD_EP_SetStall  stm32f1xx_hal_pcd.o
    0x080015be   0x080015be   0x0000002a   Code   RO          801    i.HAL_PCD_EP_Transmit  stm32f1xx_hal_pcd.o
    0x080015e8   0x080015e8   0x00000116   Code   RO          803    i.HAL_PCD_IRQHandler  stm32f1xx_hal_pcd.o
    0x080016fe   0x080016fe   0x00000002   PAD
    0x08001700   0x08001700   0x000000d2   Code   RO          806    i.HAL_PCD_Init      stm32f1xx_hal_pcd.o
    0x080017d2   0x080017d2   0x00000002   PAD
    0x080017d4   0x080017d4   0x0000003c   Code   RO          264    i.HAL_PCD_MspInit   usbd_conf.o
    0x08001810   0x08001810   0x00000026   Code   RO          265    i.HAL_PCD_ResetCallback  usbd_conf.o
    0x08001836   0x08001836   0x00000008   Code   RO          266    i.HAL_PCD_ResumeCallback  usbd_conf.o
    0x0800183e   0x0800183e   0x00000008   Code   RO          267    i.HAL_PCD_SOFCallback  usbd_conf.o
    0x08001846   0x08001846   0x00000028   Code   RO          812    i.HAL_PCD_SetAddress  stm32f1xx_hal_pcd.o
    0x0800186e   0x0800186e   0x0000000e   Code   RO          268    i.HAL_PCD_SetupStageCallback  usbd_conf.o
    0x0800187c   0x0800187c   0x00000032   Code   RO          814    i.HAL_PCD_Start     stm32f1xx_hal_pcd.o
    0x080018ae   0x080018ae   0x00000002   PAD
    0x080018b0   0x080018b0   0x00000024   Code   RO          269    i.HAL_PCD_SuspendCallback  usbd_conf.o
    0x080018d4   0x080018d4   0x000000ec   Code   RO         1517    i.HAL_RCCEx_PeriphCLKConfig  stm32f1xx_hal_rcc_ex.o
    0x080019c0   0x080019c0   0x0000012c   Code   RO         1414    i.HAL_RCC_ClockConfig  stm32f1xx_hal_rcc.o
    0x08001aec   0x08001aec   0x0000006c   Code   RO         1423    i.HAL_RCC_GetSysClockFreq  stm32f1xx_hal_rcc.o
    0x08001b58   0x08001b58   0x00000320   Code   RO         1426    i.HAL_RCC_OscConfig  stm32f1xx_hal_rcc.o
    0x08001e78   0x08001e78   0x00000028   Code   RO         1725    i.HAL_SYSTICK_Config  stm32f1xx_hal_cortex.o
    0x08001ea0   0x08001ea0   0x00000042   Code   RO         3185    i.HAL_TIMEx_MasterConfigSynchronization  stm32f1xx_hal_tim_ex.o
    0x08001ee2   0x08001ee2   0x00000036   Code   RO         2492    i.HAL_TIM_Base_Init  stm32f1xx_hal_tim.o
    0x08001f18   0x08001f18   0x00000040   Code   RO          698    i.HAL_TIM_Base_MspInit  stm32f1xx_hal_msp.o
    0x08001f58   0x08001f58   0x00000024   Code   RO         2495    i.HAL_TIM_Base_Start  stm32f1xx_hal_tim.o
    0x08001f7c   0x08001f7c   0x000000d6   Code   RO         2501    i.HAL_TIM_ConfigClockSource  stm32f1xx_hal_tim.o
    0x08002052   0x08002052   0x00000002   PAD
    0x08002054   0x08002054   0x0000004c   Code   RO          699    i.HAL_TIM_MspPostInit  stm32f1xx_hal_msp.o
    0x080020a0   0x080020a0   0x00000056   Code   RO         2536    i.HAL_TIM_OC_ConfigChannel  stm32f1xx_hal_tim.o
    0x080020f6   0x080020f6   0x00000036   Code   RO         2540    i.HAL_TIM_OC_Init   stm32f1xx_hal_tim.o
    0x0800212c   0x0800212c   0x00000002   Code   RO         2542    i.HAL_TIM_OC_MspInit  stm32f1xx_hal_tim.o
    0x0800212e   0x0800212e   0x000000d0   Code   RO         2559    i.HAL_TIM_PWM_ConfigChannel  stm32f1xx_hal_tim.o
    0x080021fe   0x080021fe   0x00000036   Code   RO         2562    i.HAL_TIM_PWM_Init  stm32f1xx_hal_tim.o
    0x08002234   0x08002234   0x00000002   Code   RO         2564    i.HAL_TIM_PWM_MspInit  stm32f1xx_hal_tim.o
    0x08002236   0x08002236   0x00000002   PAD
    0x08002238   0x08002238   0x00000038   Code   RO         2567    i.HAL_TIM_PWM_Start  stm32f1xx_hal_tim.o
    0x08002270   0x08002270   0x00000002   Code   RO          609    i.HardFault_Handler  stm32f1xx_it.o
    0x08002272   0x08002272   0x00000002   PAD
    0x08002274   0x08002274   0x00000038   Code   RO          468    i.IntToUnicode      usbd_desc.o
    0x080022ac   0x080022ac   0x00000040   Code   RO           15    i.MX_ADC1_Init      main.o
    0x080022ec   0x080022ec   0x00000080   Code   RO           16    i.MX_GPIO_Init      main.o
    0x0800236c   0x0800236c   0x00000074   Code   RO           17    i.MX_TIM3_Init      main.o
    0x080023e0   0x080023e0   0x00000080   Code   RO           18    i.MX_TIM4_Init      main.o
    0x08002460   0x08002460   0x00000054   Code   RO          221    i.MX_USB_DEVICE_Init  usb_device.o
    0x080024b4   0x080024b4   0x00000002   Code   RO          610    i.MemManage_Handler  stm32f1xx_it.o
    0x080024b6   0x080024b6   0x00000002   Code   RO          611    i.NMI_Handler       stm32f1xx_it.o
    0x080024b8   0x080024b8   0x000002c2   Code   RO          817    i.PCD_EP_ISR_Handler  stm32f1xx_hal_pcd.o
    0x0800277a   0x0800277a   0x00000002   Code   RO          612    i.PendSV_Handler    stm32f1xx_it.o
    0x0800277c   0x0800277c   0x00000002   Code   RO          613    i.SVC_Handler       stm32f1xx_it.o
    0x0800277e   0x0800277e   0x00000004   Code   RO          614    i.SysTick_Handler   stm32f1xx_it.o
    0x08002782   0x08002782   0x00000064   Code   RO           19    i.SystemClock_Config  main.o
    0x080027e6   0x080027e6   0x00000002   PAD
    0x080027e8   0x080027e8   0x00000048   Code   RO         3419    i.SystemInit        system_stm32f1xx.o
    0x08002830   0x08002830   0x0000006c   Code   RO         2580    i.TIM_Base_SetConfig  stm32f1xx_hal_tim.o
    0x0800289c   0x0800289c   0x0000001a   Code   RO         2581    i.TIM_CCxChannelCmd  stm32f1xx_hal_tim.o
    0x080028b6   0x080028b6   0x00000014   Code   RO         2591    i.TIM_ETR_SetConfig  stm32f1xx_hal_tim.o
    0x080028ca   0x080028ca   0x00000010   Code   RO         2592    i.TIM_ITRx_SetConfig  stm32f1xx_hal_tim.o
    0x080028da   0x080028da   0x00000002   PAD
    0x080028dc   0x080028dc   0x00000050   Code   RO         2593    i.TIM_OC1_SetConfig  stm32f1xx_hal_tim.o
    0x0800292c   0x0800292c   0x00000058   Code   RO         2594    i.TIM_OC2_SetConfig  stm32f1xx_hal_tim.o
    0x08002984   0x08002984   0x00000058   Code   RO         2595    i.TIM_OC3_SetConfig  stm32f1xx_hal_tim.o
    0x080029dc   0x080029dc   0x00000044   Code   RO         2596    i.TIM_OC4_SetConfig  stm32f1xx_hal_tim.o
    0x08002a20   0x08002a20   0x00000022   Code   RO         2598    i.TIM_TI1_ConfigInputStage  stm32f1xx_hal_tim.o
    0x08002a42   0x08002a42   0x00000024   Code   RO         2600    i.TIM_TI2_ConfigInputStage  stm32f1xx_hal_tim.o
    0x08002a66   0x08002a66   0x00000046   Code   RO         3719    i.USBD_CDC_DataIn   usbd_cdc.o
    0x08002aac   0x08002aac   0x0000002e   Code   RO         3720    i.USBD_CDC_DataOut  usbd_cdc.o
    0x08002ada   0x08002ada   0x00000044   Code   RO         3721    i.USBD_CDC_DeInit   usbd_cdc.o
    0x08002b1e   0x08002b1e   0x00000024   Code   RO         3722    i.USBD_CDC_EP0_RxReady  usbd_cdc.o
    0x08002b42   0x08002b42   0x00000002   PAD
    0x08002b44   0x08002b44   0x0000000c   Code   RO         3723    i.USBD_CDC_GetDeviceQualifierDescriptor  usbd_cdc.o
    0x08002b50   0x08002b50   0x0000000c   Code   RO         3724    i.USBD_CDC_GetFSCfgDesc  usbd_cdc.o
    0x08002b5c   0x08002b5c   0x0000000c   Code   RO         3725    i.USBD_CDC_GetHSCfgDesc  usbd_cdc.o
    0x08002b68   0x08002b68   0x0000000c   Code   RO         3726    i.USBD_CDC_GetOtherSpeedCfgDesc  usbd_cdc.o
    0x08002b74   0x08002b74   0x00000094   Code   RO         3727    i.USBD_CDC_Init     usbd_cdc.o
    0x08002c08   0x08002c08   0x00000028   Code   RO         3728    i.USBD_CDC_ReceivePacket  usbd_cdc.o
    0x08002c30   0x08002c30   0x00000010   Code   RO         3729    i.USBD_CDC_RegisterInterface  usbd_cdc.o
    0x08002c40   0x08002c40   0x0000000c   Code   RO         3730    i.USBD_CDC_SetRxBuffer  usbd_cdc.o
    0x08002c4c   0x08002c4c   0x00000010   Code   RO         3731    i.USBD_CDC_SetTxBuffer  usbd_cdc.o
    0x08002c5c   0x08002c5c   0x000000ac   Code   RO         3732    i.USBD_CDC_Setup    usbd_cdc.o
    0x08002d08   0x08002d08   0x00000036   Code   RO         3733    i.USBD_CDC_TransmitPacket  usbd_cdc.o
    0x08002d3e   0x08002d3e   0x0000000e   Code   RO         3456    i.USBD_ClrClassConfig  usbd_core.o
    0x08002d4c   0x08002d4c   0x00000010   Code   RO         3659    i.USBD_CtlContinueRx  usbd_ioreq.o
    0x08002d5c   0x08002d5c   0x00000010   Code   RO         3660    i.USBD_CtlContinueSendData  usbd_ioreq.o
    0x08002d6c   0x08002d6c   0x00000016   Code   RO         3594    i.USBD_CtlError     usbd_ctlreq.o
    0x08002d82   0x08002d82   0x0000001e   Code   RO         3661    i.USBD_CtlPrepareRx  usbd_ioreq.o
    0x08002da0   0x08002da0   0x00000016   Code   RO         3662    i.USBD_CtlReceiveStatus  usbd_ioreq.o
    0x08002db6   0x08002db6   0x0000001a   Code   RO         3663    i.USBD_CtlSendData  usbd_ioreq.o
    0x08002dd0   0x08002dd0   0x00000016   Code   RO         3664    i.USBD_CtlSendStatus  usbd_ioreq.o
    0x08002de6   0x08002de6   0x00000002   PAD
    0x08002de8   0x08002de8   0x00000020   Code   RO          469    i.USBD_FS_ConfigStrDescriptor  usbd_desc.o
    0x08002e08   0x08002e08   0x0000000c   Code   RO          470    i.USBD_FS_DeviceDescriptor  usbd_desc.o
    0x08002e14   0x08002e14   0x00000024   Code   RO          471    i.USBD_FS_InterfaceStrDescriptor  usbd_desc.o
    0x08002e38   0x08002e38   0x0000000c   Code   RO          472    i.USBD_FS_LangIDStrDescriptor  usbd_desc.o
    0x08002e44   0x08002e44   0x00000028   Code   RO          473    i.USBD_FS_ManufacturerStrDescriptor  usbd_desc.o
    0x08002e6c   0x08002e6c   0x0000002c   Code   RO          474    i.USBD_FS_ProductStrDescriptor  usbd_desc.o
    0x08002e98   0x08002e98   0x00000038   Code   RO          475    i.USBD_FS_SerialStrDescriptor  usbd_desc.o
    0x08002ed0   0x08002ed0   0x000000e8   Code   RO         3595    i.USBD_GetDescriptor  usbd_ctlreq.o
    0x08002fb8   0x08002fb8   0x00000048   Code   RO         3596    i.USBD_GetString    usbd_ctlreq.o
    0x08003000   0x08003000   0x00000018   Code   RO          270    i.USBD_Get_USB_Status  usbd_conf.o
    0x08003018   0x08003018   0x0000002a   Code   RO         3458    i.USBD_Init         usbd_core.o
    0x08003042   0x08003042   0x00000012   Code   RO          271    i.USBD_LL_ClearStallEP  usbd_conf.o
    0x08003054   0x08003054   0x00000012   Code   RO          272    i.USBD_LL_CloseEP   usbd_conf.o
    0x08003066   0x08003066   0x000000c6   Code   RO         3459    i.USBD_LL_DataInStage  usbd_core.o
    0x0800312c   0x0800312c   0x00000082   Code   RO         3460    i.USBD_LL_DataOutStage  usbd_core.o
    0x080031ae   0x080031ae   0x00000008   Code   RO          276    i.USBD_LL_GetRxDataSize  usbd_conf.o
    0x080031b6   0x080031b6   0x00000002   PAD
    0x080031b8   0x080031b8   0x00000080   Code   RO          277    i.USBD_LL_Init      usbd_conf.o
    0x08003238   0x08003238   0x0000001c   Code   RO          278    i.USBD_LL_IsStallEP  usbd_conf.o
    0x08003254   0x08003254   0x00000018   Code   RO          279    i.USBD_LL_OpenEP    usbd_conf.o
    0x0800326c   0x0800326c   0x00000012   Code   RO          280    i.USBD_LL_PrepareReceive  usbd_conf.o
    0x0800327e   0x0800327e   0x00000050   Code   RO         3465    i.USBD_LL_Reset     usbd_core.o
    0x080032ce   0x080032ce   0x00000014   Code   RO         3466    i.USBD_LL_Resume    usbd_core.o
    0x080032e2   0x080032e2   0x00000018   Code   RO         3467    i.USBD_LL_SOF       usbd_core.o
    0x080032fa   0x080032fa   0x00000006   Code   RO         3468    i.USBD_LL_SetSpeed  usbd_core.o
    0x08003300   0x08003300   0x00000012   Code   RO          281    i.USBD_LL_SetUSBAddress  usbd_conf.o
    0x08003312   0x08003312   0x0000005a   Code   RO         3469    i.USBD_LL_SetupStage  usbd_core.o
    0x0800336c   0x0800336c   0x00000012   Code   RO          282    i.USBD_LL_StallEP   usbd_conf.o
    0x0800337e   0x0800337e   0x00000012   Code   RO          283    i.USBD_LL_Start     usbd_conf.o
    0x08003390   0x08003390   0x00000012   Code   RO         3470    i.USBD_LL_Suspend   usbd_core.o
    0x080033a2   0x080033a2   0x00000012   Code   RO          285    i.USBD_LL_Transmit  usbd_conf.o
    0x080033b4   0x080033b4   0x00000028   Code   RO         3597    i.USBD_ParseSetupRequest  usbd_ctlreq.o
    0x080033dc   0x080033dc   0x00000010   Code   RO         3471    i.USBD_RegisterClass  usbd_core.o
    0x080033ec   0x080033ec   0x00000016   Code   RO         3473    i.USBD_SetClassConfig  usbd_core.o
    0x08003402   0x08003402   0x00000002   PAD
    0x08003404   0x08003404   0x00000084   Code   RO         3598    i.USBD_SetConfig    usbd_ctlreq.o
    0x08003488   0x08003488   0x0000000a   Code   RO         3474    i.USBD_Start        usbd_core.o
    0x08003492   0x08003492   0x00000112   Code   RO         3599    i.USBD_StdDevReq    usbd_ctlreq.o
    0x080035a4   0x080035a4   0x00000150   Code   RO         3600    i.USBD_StdEPReq     usbd_ctlreq.o
    0x080036f4   0x080036f4   0x0000004e   Code   RO         3601    i.USBD_StdItfReq    usbd_ctlreq.o
    0x08003742   0x08003742   0x00000002   Code   RO          286    i.USBD_static_free  usbd_conf.o
    0x08003744   0x08003744   0x00000008   Code   RO          287    i.USBD_static_malloc  usbd_conf.o
    0x0800374c   0x0800374c   0x00000266   Code   RO         1042    i.USB_ActivateEndpoint  stm32f1xx_ll_usb.o
    0x080039b2   0x080039b2   0x00000004   Code   RO         1045    i.USB_CoreInit      stm32f1xx_ll_usb.o
    0x080039b6   0x080039b6   0x0000010e   Code   RO         1047    i.USB_DeactivateEndpoint  stm32f1xx_ll_usb.o
    0x08003ac4   0x08003ac4   0x00000004   Code   RO         1048    i.USB_DevConnect    stm32f1xx_ll_usb.o
    0x08003ac8   0x08003ac8   0x00000004   Code   RO         1049    i.USB_DevDisconnect  stm32f1xx_ll_usb.o
    0x08003acc   0x08003acc   0x0000001e   Code   RO         1050    i.USB_DevInit       stm32f1xx_ll_usb.o
    0x08003aea   0x08003aea   0x0000000e   Code   RO         1051    i.USB_DisableGlobalInt  stm32f1xx_ll_usb.o
    0x08003af8   0x08003af8   0x00000004   Code   RO         1052    i.USB_EP0_OutStart  stm32f1xx_ll_usb.o
    0x08003afc   0x08003afc   0x00000078   Code   RO         1053    i.USB_EPClearStall  stm32f1xx_ll_usb.o
    0x08003b74   0x08003b74   0x00000032   Code   RO         1054    i.USB_EPSetStall    stm32f1xx_ll_usb.o
    0x08003ba6   0x08003ba6   0x0000019c   Code   RO         1055    i.USB_EPStartXfer   stm32f1xx_ll_usb.o
    0x08003d42   0x08003d42   0x0000000e   Code   RO         1056    i.USB_EnableGlobalInt  stm32f1xx_ll_usb.o
    0x08003d50   0x08003d50   0x0000000c   Code   RO          615    i.USB_LP_CAN1_RX0_IRQHandler  stm32f1xx_it.o
    0x08003d5c   0x08003d5c   0x00000006   Code   RO         1063    i.USB_ReadInterrupts  stm32f1xx_ll_usb.o
    0x08003d62   0x08003d62   0x00000002   PAD
    0x08003d64   0x08003d64   0x0000002c   Code   RO         1064    i.USB_ReadPMA       stm32f1xx_ll_usb.o
    0x08003d90   0x08003d90   0x00000004   Code   RO         1066    i.USB_SetCurrentMode  stm32f1xx_ll_usb.o
    0x08003d94   0x08003d94   0x0000000c   Code   RO         1067    i.USB_SetDevAddress  stm32f1xx_ll_usb.o
    0x08003da0   0x08003da0   0x00000026   Code   RO         1070    i.USB_WritePMA      stm32f1xx_ll_usb.o
    0x08003dc6   0x08003dc6   0x00000002   Code   RO          616    i.UsageFault_Handler  stm32f1xx_it.o
    0x08003dc8   0x08003dc8   0x00000020   Code   RO         4068    i.__0printf         mc_w.l(printfa.o)
    0x08003de8   0x08003de8   0x00000030   Code   RO         4069    i.__0snprintf       mc_w.l(printfa.o)
    0x08003e18   0x08003e18   0x00000020   Code   RO         1727    i.__NVIC_SetPriority  stm32f1xx_hal_cortex.o
    0x08003e38   0x08003e38   0x0000000e   Code   RO         4145    i.__scatterload_copy  mc_w.l(handlers.o)
    0x08003e46   0x08003e46   0x00000002   Code   RO         4146    i.__scatterload_null  mc_w.l(handlers.o)
    0x08003e48   0x08003e48   0x0000000e   Code   RO         4147    i.__scatterload_zeroinit  mc_w.l(handlers.o)
    0x08003e56   0x08003e56   0x00000002   PAD
    0x08003e58   0x08003e58   0x00000184   Code   RO         4075    i._fp_digits        mc_w.l(printfa.o)
    0x08003fdc   0x08003fdc   0x000006dc   Code   RO         4076    i._printf_core      mc_w.l(printfa.o)
    0x080046b8   0x080046b8   0x00000024   Code   RO         4077    i._printf_post_padding  mc_w.l(printfa.o)
    0x080046dc   0x080046dc   0x0000002e   Code   RO         4078    i._printf_pre_padding  mc_w.l(printfa.o)
    0x0800470a   0x0800470a   0x00000016   Code   RO         4079    i._snputc           mc_w.l(printfa.o)
    0x08004720   0x08004720   0x0000001c   Code   RO           20    i.fputc             main.o
    0x0800473c   0x0800473c   0x00000134   Code   RO           21    i.main              main.o
    0x08004870   0x08004870   0x00000010   Data   RO         3420    .constdata          system_stm32f1xx.o
    0x08004880   0x08004880   0x00000020   Data   RO         4143    Region$$Table       anon$$obj.o


    Execution Region RW_IRAM1 (Exec base: 0x20000000, Load base: 0x080048a0, Size: 0x00001870, Max: 0x00005000, ABSOLUTE, COMPRESSED[0x000000c0])

    Exec Addr    Load Addr    Size         Type   Attr      Idx    E Section Name        Object

    0x20000000   COMPRESSED   0x00000008   Data   RW           24    .data               main.o
    0x20000008   COMPRESSED   0x00000004   Data   RW           25    .data               main.o
    0x2000000c   COMPRESSED   0x0000001c   Data   RW          477    .data               usbd_desc.o
    0x20000028   COMPRESSED   0x00000032   Data   RW          478    .data               usbd_desc.o
    0x2000005a   COMPRESSED   0x00000002   PAD
    0x2000005c   COMPRESSED   0x00000010   Data   RW          560    .data               usbd_cdc_if.o
    0x2000006c   COMPRESSED   0x0000000c   Data   RW         1264    .data               stm32f1xx_hal.o
    0x20000078   COMPRESSED   0x00000004   Data   RW         3422    .data               system_stm32f1xx.o
    0x2000007c   COMPRESSED   0x00000001   Data   RW         3602    .data               usbd_ctlreq.o
    0x2000007d   COMPRESSED   0x00000003   PAD
    0x20000080   COMPRESSED   0x000000d7   Data   RW         3734    .data               usbd_cdc.o
    0x20000157   COMPRESSED   0x00000001   PAD
    0x20000158   COMPRESSED   0x00000038   Data   RW         3735    .data               usbd_cdc.o
    0x20000190        -       0x00000178   Zero   RW           22    .bss                main.o
    0x20000308        -       0x00000044   Zero   RW           23    .bss                main.o
    0x2000034c        -       0x000002c4   Zero   RW          222    .bss                usb_device.o
    0x20000610        -       0x0000048c   Zero   RW          288    .bss                usbd_conf.o
    0x20000a9c        -       0x00000200   Zero   RW          476    .bss                usbd_desc.o
    0x20000c9c        -       0x000007d0   Zero   RW          559    .bss                usbd_cdc_if.o
    0x2000146c   COMPRESSED   0x00000004   PAD
    0x20001470        -       0x00000400   Zero   RW            1    STACK               startup_stm32f103xb.o


==============================================================================

Image component sizes


      Code (inc. data)   RO Data    RW Data    ZI Data      Debug   Object Name

       886         80          0         12        444     453652   main.o
        36          8        236          0       1024        776   startup_stm32f103xb.o
       128         24          0         12          0       5109   stm32f1xx_hal.o
      1110         54          0          0          0       7723   stm32f1xx_hal_adc.o
       198         14          0          0          0      28791   stm32f1xx_hal_cortex.o
       586         32          0          0          0       3467   stm32f1xx_hal_dma.o
       490         34          0          0          0       2812   stm32f1xx_hal_gpio.o
       344         56          0          0          0       2749   stm32f1xx_hal_msp.o
      1744          0          0          0          0      10009   stm32f1xx_hal_pcd.o
        52          0          0          0          0       1126   stm32f1xx_hal_pcd_ex.o
      1208         76          0          0          0       3966   stm32f1xx_hal_rcc.o
       236         12          0          0          0       1332   stm32f1xx_hal_rcc_ex.o
      1330         38          0          0          0      14007   stm32f1xx_hal_tim.o
        66          0          0          0          0       1256   stm32f1xx_hal_tim_ex.o
        44         12          0          0          0       4398   stm32f1xx_it.o
      1644          0          0          0          0      14101   stm32f1xx_ll_usb.o
        72         16         16          4          0       1079   system_stm32f1xx.o
        84         18          0          0        708        708   usb_device.o
       726         16          0        271          0      12594   usbd_cdc.o
       112         22          0         16       2000       2984   usbd_cdc_if.o
       544         30          0          0       1164      12821   usbd_conf.o
       670          0          0          0          0       9115   usbd_core.o
      1186         28          0          1          0       7688   usbd_ctlreq.o
       288        104          0         78        512       5401   usbd_desc.o
       132          0          0          0          0       4148   usbd_ioreq.o

    ----------------------------------------------------------------------
     13952        674        284        400       5856     611812   Object Totals
         0          0         32          0          0          0   (incl. Generated)
        36          0          0          6          4          0   (incl. Padding)

    ----------------------------------------------------------------------

      Code (inc. data)   RO Data    RW Data    ZI Data      Debug   Library Member Name

        86          0          0          0          0          0   __dczerorl2.o
         0          0          0          0          0          0   entry.o
         0          0          0          0          0          0   entry10a.o
         0          0          0          0          0          0   entry11a.o
         8          4          0          0          0          0   entry2.o
         4          0          0          0          0          0   entry5.o
         0          0          0          0          0          0   entry7b.o
         0          0          0          0          0          0   entry8b.o
         8          4          0          0          0          0   entry9a.o
        30          0          0          0          0          0   handlers.o
        36          8          0          0          0         68   init.o
         0          0          0          0          0          0   iusefp.o
        30          0          0          0          0         68   llshl.o
        36          0          0          0          0         68   llsshr.o
        32          0          0          0          0         68   llushr.o
        36          0          0          0          0         68   memcpya.o
        36          0          0          0          0        108   memseta.o
      2328         94          0          0          0        604   printfa.o
        14          0          0          0          0         68   strlen.o
        44          0          0          0          0         80   uidiv.o
        98          0          0          0          0         92   uldiv.o
        48          0          0          0          0         68   cdrcmple.o
       334          0          0          0          0        148   dadd.o
       222          0          0          0          0        100   ddiv.o
       186          0          0          0          0        176   depilogue.o
        48          0          0          0          0         68   dfixul.o
       228          0          0          0          0         96   dmul.o
        38          0          0          0          0         68   f2d.o
       176          0          0          0          0        140   fadd.o
       124          0          0          0          0         88   fdiv.o
       110          0          0          0          0        168   fepilogue.o
        10          0          0          0          0         68   ffltui.o

    ----------------------------------------------------------------------
      4356        110          0          0          0       2480   Library Totals
         6          0          0          0          0          0   (incl. Padding)

    ----------------------------------------------------------------------

      Code (inc. data)   RO Data    RW Data    ZI Data      Debug   Library Name

      2826        110          0          0          0       1292   mc_w.l
      1524          0          0          0          0       1188   mf_w.l

    ----------------------------------------------------------------------
      4356        110          0          0          0       2480   Library Totals

    ----------------------------------------------------------------------

==============================================================================


      Code (inc. data)   RO Data    RW Data    ZI Data      Debug   

     18308        784        284        400       5856     603864   Grand Totals
     18308        784        284        192       5856     603864   ELF Image Totals (compressed)
     18308        784        284        192          0          0   ROM Totals

==============================================================================

    Total RO  Size (Code + RO Data)                18592 (  18.16kB)
    Total RW  Size (RW Data + ZI Data)              6256 (   6.11kB)
    Total ROM Size (Code + RO Data + RW Data)      18784 (  18.34kB)

==============================================================================

